<html>
<body>
<pre>
<h1>µVision Build Log</h1>
<h2>Tool Versions:</h2>
IDE-Version: µVision V5.38.0.0
Copyright (C) 2022 ARM Ltd and ARM Germany GmbH. All rights reserved.
License Information: KU KU, KU, LIC=----
 
Tool Versions:
Toolchain:       MDK-Lite  Version: 5.38.0.0
Toolchain Path:  C:\Keil_v5\ARM\ARMCLANG\Bin
C Compiler:      ArmClang.exe V6.19
Assembler:       Armasm.exe V6.19
Linker/Locator:  ArmLink.exe V6.19
Library Manager: ArmAr.exe V6.19
Hex Converter:   FromElf.exe V6.19
CPU DLL:         SARMCM3.DLL V5.38.0.0
Dialog DLL:      DARMSTM.DLL V1.69.1.0
Target DLL:      UL2CM3.DLL V1.164.8.0
Dialog DLL:      TARMSTM.DLL V1.67.1.0
 
<h2>Project:</h2>
S:\GitHub\CE-426\Lab 4\Lab 4.uvprojx
Project File Date:  02/12/2025

<h2>Output:</h2>
*** Using Compiler 'V6.19', folder: 'C:\Keil_v5\ARM\ARMCLANG\Bin'
Build target 'Target 1'
compiling main.c...
linking...
Program Size: Code=6272 RO-data=384 RW-data=44 ZI-data=4784  
".\Objects\Lab 4.axf" - 0 Error(s), 0 Warning(s).

<h2>Software Packages used:</h2>

Package Vendor: ARM
                http://www.keil.com/pack/ARM.CMSIS.5.9.0.pack
                ARM.CMSIS.5.9.0
                CMSIS (Common Microcontroller Software Interface Standard)
   * Component: RTOS Version: 1.0.0
   * Component: CORE Version: 5.6.0
   * Component: Keil RTX Version: 4.82.0

Package Vendor: Keil
                http://www.keil.com/pack/Keil.STM32F1xx_DFP.2.2.0.pack
                Keil.STM32F1xx_DFP.2.2.0
                STMicroelectronics STM32F1 Series Device Support, Drivers and Examples
   * Component: Startup Version: 1.0.0

<h2>Collection of Component include folders:</h2>
  ./RTE/Device/STM32F103RB
  ./RTE/_Target_1
  C:/temp/Arm/Packs/ARM/CMSIS/5.9.0/CMSIS/Core/Include
  C:/temp/Arm/Packs/ARM/CMSIS/5.9.0/CMSIS/RTOS/RTX/INC
  C:/temp/Arm/Packs/Keil/STM32F1xx_DFP/2.2.0/Device/Include

<h2>Collection of Component Files used:</h2>

   * Component: ::CMSIS:RTOS:1.0.0 (API)

   * Component: ARM::CMSIS:CORE:5.6.0

   * Component: ARM::CMSIS:RTOS:Keil RTX:4.82.0
      Include file:  CMSIS/RTOS/RTX/INC/cmsis_os.h
      Source file:   CMSIS/RTOS/RTX/UserCodeTemplates/MailQueue.c
      Source file:   CMSIS/RTOS/RTX/UserCodeTemplates/MemPool.c
      Source file:   CMSIS/RTOS/RTX/UserCodeTemplates/MsgQueue.c
      Source file:   CMSIS/RTOS/RTX/UserCodeTemplates/Semaphore.c
      Source file:   CMSIS/RTOS/RTX/Templates/RTX_Conf_CM.c
      Source file:   CMSIS/RTOS/RTX/UserCodeTemplates/Mutex.c
      Source file:   CMSIS/RTOS/RTX/UserCodeTemplates/main.c
      Include file:  CMSIS/RTOS/RTX/UserCodeTemplates/osObjects.h
      Source file:   CMSIS/RTOS/RTX/UserCodeTemplates/Timer.c
      Library file:  CMSIS/RTOS/RTX/LIB/ARM/RTX_CM3.lib
      Source file:   CMSIS/RTOS/RTX/UserCodeTemplates/Thread.c
      Source file:   CMSIS/RTOS/RTX/SRC/ARM/SVC_Table.s

   * Component: Keil::Device:Startup:1.0.0
      Source file:   Device/Source/ARM/STM32F1xx_OPT.s
      Source file:   Device/Source/system_stm32f10x.c
      Source file:   Device/Source/ARM/startup_stm32f10x_md.s
      Include file:  RTE_Driver/Config/RTE_Device.h
Build Time Elapsed:  00:00:00
</pre>
</body>
</html>
