<html>
<body>
<pre>
<h1>µVision Build Log</h1>
<h2>Tool Versions:</h2>
IDE-Version: µVision V5.38.0.0
Copyright (C) 2022 ARM Ltd and ARM Germany GmbH. All rights reserved.
License Information: KU KU, KU, LIC=----
 
Tool Versions:
Toolchain:       MDK-Lite  Version: 5.38.0.0
Toolchain Path:  C:\Keil_v5\ARM\ARMCLANG\Bin
C Compiler:      ArmClang.exe V6.19
Assembler:       Armasm.exe V6.19
Linker/Locator:  ArmLink.exe V6.19
Library Manager: ArmAr.exe V6.19
Hex Converter:   FromElf.exe V6.19
CPU DLL:         SARMCM3.DLL V5.38.0.0
Dialog DLL:      DARMSTM.DLL V1.69.1.0
Target DLL:      UL2CM3.DLL V1.164.8.0
Dialog DLL:      TARMSTM.DLL V1.67.1.0
 
<h2>Project:</h2>
S:\GitHub\CE-426\Lab2\Lab 2.uvproj
Project File Date:  02/03/2025

<h2>Output:</h2>
*** Using Compiler 'V6.19', folder: 'C:\Keil_v5\ARM\ARMCLANG\Bin'
Build target 'Target 1'
lab2main.c(14): warning: In file included from...
C:/Keil_v5/ARM/INC/ST/STM32F10x\stm32f10x.h(483): warning: In file included from...
C:/Keil_v5/ARM/CMSIS/Include\core_cm3.h(122): warning: "Compiler generates FPU instructions for a device without an FPU (check __FPU_PRESENT)" [-W#warnings]
    #warning "Compiler generates FPU instructions for a device without an FPU (check __FPU_PRESENT)"
     ^
1 warning generated.
compiling lab2main.c...
linking...
Program Size: Code=1060 RO-data=268 RW-data=296 ZI-data=1632  
".\Objects\Lab 2.axf" - 0 Error(s), 1 Warning(s).
Build Time Elapsed:  00:00:00
</pre>
</body>
</html>
