Component: Arm Compiler for Embedded 6.22 Tool: armlink [5ee90200]

==============================================================================

Section Cross References

    main.o(.text) refers to main.o(.bss) for T_led_ID_normal
    main.o(.text) refers to rtx_conf_cm.o(.text) for __osSignalWait
    main.o(.text) refers to rt_cmsis.o(i.osSignalSet) for osSignalSet
    main.o(.text) refers to rt_cmsis.o(i.osMutexWait) for osMutexWait
    main.o(.text) refers to led_mcbstm32e.o(.text) for LED_On
    main.o(.text) refers to rt_cmsis.o(i.osDelay) for osDelay
    main.o(.text) refers to rt_cmsis.o(i.osMutexRelease) for osMutexRelease
    main.o(.text) refers to rt_cmsis.o(i.osSignalClear) for osSignalClear
    main.o(.text) refers to uart.o(.text) for SendChar
    main.o(.text) refers to rt_cmsis.o(i.osMessagePut) for osMessagePut
    main.o(.text) refers to rt_cmsis.o(i.osKernelInitialize) for osKernelInitialize
    main.o(.text) refers to main.o(.rodata) for os_messageQ_def_CHARACTER_Q
    main.o(.text) refers to rt_cmsis.o(i.osMessageCreate) for osMessageCreate
    main.o(.text) refers to rt_cmsis.o(i.osMutexCreate) for osMutexCreate
    main.o(.text) refers to rt_cmsis.o(i.osThreadCreate) for osThreadCreate
    main.o(.text) refers to rt_cmsis.o(i.osKernelStart) for osKernelStart
    main.o(.ARM.exidx) refers to main.o(.text) for [Anonymous Symbol]
    main.o(.rodata) refers to main.o(.bss) for os_messageQ_q_CHARACTER_Q
    main.o(.rodata) refers to main.o(.text) for normal_mode_thread
    uart.o(.ARM.exidx) refers to uart.o(.text) for [Anonymous Symbol]
    led_mcbstm32e.o(.text) refers to led_mcbstm32e.o(.rodata) for Pin_LED
    led_mcbstm32e.o(.text) refers to gpio_stm32f10x.o(.text) for GPIO_PortClock
    led_mcbstm32e.o(.ARM.exidx) refers to led_mcbstm32e.o(.text) for [Anonymous Symbol]
    rtx_conf_cm.o(.text) refers (Special) to main.o(.ARM.use_no_argv) for __ARM_use_no_argv
    rtx_conf_cm.o(.text) refers to rt_cmsis.o(.data) for os_running
    rtx_conf_cm.o(.text) refers to rt_task.o(i.rt_tsk_self) for rt_tsk_self
    rtx_conf_cm.o(.text) refers to rtx_conf_cm.o(.bss) for std_libspace
    rtx_conf_cm.o(.text) refers to libspace.o(.bss) for __libspace_start
    rtx_conf_cm.o(.text) refers to rt_mutex.o(i.rt_mut_init) for rt_mut_init
    rtx_conf_cm.o(.text) refers to rt_cmsis.o(i.osSignalWait) for osSignalWait
    rtx_conf_cm.o(.text) refers to rt_cmsis.o(i.osMessageGet) for osMessageGet
    rtx_conf_cm.o(.text) refers to rt_cmsis.o(i.osMailGet) for osMailGet
    rtx_conf_cm.o(.text) refers to rt_cmsis.o(i.osKernelInitialize) for osKernelInitialize
    rtx_conf_cm.o(.text) refers to rtx_conf_cm.o(.rodata) for os_thread_def_main
    rtx_conf_cm.o(.text) refers to rt_cmsis.o(i.osThreadCreate) for osThreadCreate
    rtx_conf_cm.o(.text) refers to rt_cmsis.o(i.osKernelStart) for osKernelStart
    rtx_conf_cm.o(.ARM.exidx) refers (Special) to main.o(.ARM.use_no_argv) for __ARM_use_no_argv
    rtx_conf_cm.o(.ARM.exidx) refers to rtx_conf_cm.o(.text) for [Anonymous Symbol]
    rtx_conf_cm.o(.text._mutex_acquire) refers (Special) to main.o(.ARM.use_no_argv) for __ARM_use_no_argv
    rtx_conf_cm.o(.text._mutex_acquire) refers to rt_cmsis.o(.data) for os_running
    rtx_conf_cm.o(.text._mutex_acquire) refers to rt_mutex.o(i.rt_mut_wait) for rt_mut_wait
    rtx_conf_cm.o(.ARM.exidx.text._mutex_acquire) refers (Special) to main.o(.ARM.use_no_argv) for __ARM_use_no_argv
    rtx_conf_cm.o(.ARM.exidx.text._mutex_acquire) refers to rtx_conf_cm.o(.text._mutex_acquire) for [Anonymous Symbol]
    rtx_conf_cm.o(.text._mutex_release) refers (Special) to main.o(.ARM.use_no_argv) for __ARM_use_no_argv
    rtx_conf_cm.o(.text._mutex_release) refers to rt_cmsis.o(.data) for os_running
    rtx_conf_cm.o(.text._mutex_release) refers to rt_mutex.o(i.rt_mut_release) for rt_mut_release
    rtx_conf_cm.o(.ARM.exidx.text._mutex_release) refers (Special) to main.o(.ARM.use_no_argv) for __ARM_use_no_argv
    rtx_conf_cm.o(.ARM.exidx.text._mutex_release) refers to rtx_conf_cm.o(.text._mutex_release) for [Anonymous Symbol]
    rtx_conf_cm.o(.rodata) refers (Special) to main.o(.ARM.use_no_argv) for __ARM_use_no_argv
    rtx_conf_cm.o(.rodata) refers to rt_cmsis.o(i.osTimerThread) for osTimerThread
    rtx_conf_cm.o(.rodata) refers to rtx_conf_cm.o(.bss) for os_messageQ_q_osTimerMessageQ
    rtx_conf_cm.o(.rodata) refers to main.o(.text) for main
    rtx_conf_cm.o(.rodata.CMSIS_RTOS_API_Version) refers (Special) to main.o(.ARM.use_no_argv) for __ARM_use_no_argv
    rtx_conf_cm.o(.rodata.CMSIS_RTOS_RTX_Version) refers (Special) to main.o(.ARM.use_no_argv) for __ARM_use_no_argv
    rtx_conf_cm.o(.rodata.os_clockrate) refers (Special) to main.o(.ARM.use_no_argv) for __ARM_use_no_argv
    rtx_conf_cm.o(.rodata.os_timernum) refers (Special) to main.o(.ARM.use_no_argv) for __ARM_use_no_argv
    rtx_conf_cm.o(.bss) refers (Special) to main.o(.ARM.use_no_argv) for __ARM_use_no_argv
[...]
    Removing rt_cmsis.o(i.svcThreadYield), (10 bytes).
    Removing rt_cmsis.o(i.svcTimerCreate), (56 bytes).
    Removing rt_cmsis.o(i.svcTimerDelete), (40 bytes).
    Removing rt_cmsis.o(i.svcTimerStart), (100 bytes).
    Removing rt_cmsis.o(i.svcTimerStop), (36 bytes).
    Removing rt_cmsis.o(i.sysMailAlloc), (88 bytes).
    Removing rt_cmsis.o(i.sysMailFree), (96 bytes).
    Removing rt_cmsis.o(i.sysPoolAlloc), (10 bytes).
    Removing rt_cmsis.o(i.sysPoolFree), (20 bytes).
    Removing rt_cmsis.o(i.sysUserTimerUpdate), (48 bytes).
    Removing rt_cmsis.o(i.sysUserTimerWakeupTime), (20 bytes).
    Removing rt_task.o(i.rt_tsk_pass), (48 bytes).
    Removing rt_mutex.o(i.rt_mut_delete), (176 bytes).
    Removing rt_system.o(.emb_text), (0 bytes).
    Removing rt_system.o(i.os_tick_ovf), (16 bytes).
    Removing rt_system.o(i.os_tick_val), (20 bytes).
    Removing rt_system.o(i.rt_resume), (136 bytes).
    Removing rt_system.o(i.rt_suspend), (36 bytes).
    Removing rt_system.o(i.rt_tsk_lock), (80 bytes).
    Removing rt_system.o(i.rt_tsk_unlock), (80 bytes).
    Removing rt_event.o(i.rt_evt_get), (12 bytes).
    Removing rt_list.o(i.rt_get_same_rdy_prio), (36 bytes).
    Removing rt_semaphore.o(i.isr_sem_send), (16 bytes).
    Removing rt_semaphore.o(i.rt_sem_delete), (92 bytes).
    Removing rt_semaphore.o(i.rt_sem_init), (12 bytes).
    Removing rt_semaphore.o(i.rt_sem_send), (42 bytes).
    Removing rt_semaphore.o(i.rt_sem_wait), (64 bytes).
    Removing rt_time.o(i.rt_itv_set), (24 bytes).
    Removing rt_time.o(i.rt_itv_wait), (40 bytes).
    Removing rt_time.o(i.rt_time_get), (12 bytes).
    Removing rt_membox.o(i._calloc_box), (30 bytes).

84 unused section(s) (total 3106 bytes) removed from the image.

==============================================================================

Image Symbol Table

    Local Symbols

    Symbol Name                              Value     Ov Type        Size  Object(Section)

    ../clib/angel/boardlib.s                 0x00000000   Number         0  boardinit1.o ABSOLUTE
    ../clib/angel/boardlib.s                 0x00000000   Number         0  boardinit2.o ABSOLUTE
    ../clib/angel/boardlib.s                 0x00000000   Number         0  boardshut.o ABSOLUTE
    ../clib/angel/handlers.s                 0x00000000   Number         0  __scatter_copy.o ABSOLUTE
    ../clib/angel/handlers.s                 0x00000000   Number         0  __scatter_zi.o ABSOLUTE
    ../clib/angel/kernel.s                   0x00000000   Number         0  __rtentry.o ABSOLUTE
    ../clib/angel/kernel.s                   0x00000000   Number         0  __rtentry2.o ABSOLUTE
    ../clib/angel/kernel.s                   0x00000000   Number         0  __rtentry4.o ABSOLUTE
    ../clib/angel/kernel.s                   0x00000000   Number         0  rtexit.o ABSOLUTE
    ../clib/angel/kernel.s                   0x00000000   Number         0  rtexit2.o ABSOLUTE
    ../clib/angel/rt.s                       0x00000000   Number         0  aeabi_ldiv0.o ABSOLUTE
    ../clib/angel/rt.s                       0x00000000   Number         0  aeabi_ldiv0_sigfpe.o ABSOLUTE
    ../clib/angel/rt.s                       0x00000000   Number         0  rt_div0.o ABSOLUTE
    ../clib/angel/rt.s                       0x00000000   Number         0  rt_raise.o ABSOLUTE
    ../clib/angel/scatter.s                  0x00000000   Number         0  __scatter.o ABSOLUTE
    ../clib/angel/startup.s                  0x00000000   Number         0  __main.o ABSOLUTE
    ../clib/angel/sys.s                      0x00000000   Number         0  libspace.o ABSOLUTE
    ../clib/angel/sys.s                      0x00000000   Number         0  sys_stackheap_outer.o ABSOLUTE
    ../clib/angel/sys.s                      0x00000000   Number         0  use_no_semi.o ABSOLUTE
    ../clib/angel/sys.s                      0x00000000   Number         0  indicate_semi.o ABSOLUTE
    ../clib/angel/sysapp.c                   0x00000000   Number         0  sys_exit.o ABSOLUTE
    ../clib/angel/sysapp.c                   0x00000000   Number         0  sys_exit_hlt.o ABSOLUTE
    ../clib/angel/sysapp.c                   0x00000000   Number         0  sys_wrch.o ABSOLUTE
    ../clib/angel/sysapp.c                   0x00000000   Number         0  sys_wrch_hlt.o ABSOLUTE
    ../clib/angel/sysapp.c                   0x00000000   Number         0  sys_command.o ABSOLUTE
    ../clib/angel/sysapp.c                   0x00000000   Number         0  sys_command_hlt.o ABSOLUTE
    ../clib/armsys.c                         0x00000000   Number         0  argv_veneer.o ABSOLUTE
    ../clib/armsys.c                         0x00000000   Number         0  argv_veneer.o ABSOLUTE
    ../clib/armsys.c                         0x00000000   Number         0  _get_argv_nomalloc.o ABSOLUTE
    ../clib/armsys.c                         0x00000000   Number         0  no_argv.o ABSOLUTE
    ../clib/heapalloc.c                      0x00000000   Number         0  hrguard.o ABSOLUTE
    ../clib/heapaux.c                        0x00000000   Number         0  heapauxi.o ABSOLUTE
    ../clib/libinit.s                        0x00000000   Number         0  libinit.o ABSOLUTE
    ../clib/libinit.s                        0x00000000   Number         0  libinit2.o ABSOLUTE
    ../clib/libinit.s                        0x00000000   Number         0  libshutdown.o ABSOLUTE
    ../clib/libinit.s                        0x00000000   Number         0  libshutdown2.o ABSOLUTE
    ../clib/longlong.s                       0x00000000   Number         0  lludivv7m.o ABSOLUTE
    ../clib/signal.c                         0x00000000   Number         0  defsig_fpe_outer.o ABSOLUTE
    ../clib/signal.c                         0x00000000   Number         0  defsig_fpe_formal.o ABSOLUTE
    ../clib/signal.c                         0x00000000   Number         0  defsig_exit.o ABSOLUTE
    ../clib/signal.c                         0x00000000   Number         0  defsig_fpe_inner.o ABSOLUTE
    ../clib/signal.c                         0x00000000   Number         0  __raise.o ABSOLUTE
    ../clib/signal.c                         0x00000000   Number         0  defsig_general.o ABSOLUTE
    ../clib/signal.c                         0x00000000   Number         0  defsig_abrt_inner.o ABSOLUTE
    ../clib/signal.c                         0x00000000   Number         0  defsig_rtred_inner.o ABSOLUTE
    ../clib/signal.c                         0x00000000   Number         0  defsig_rtmem_inner.o ABSOLUTE
    ../clib/signal.c                         0x00000000   Number         0  defsig_rtmem_outer.o ABSOLUTE
    ../clib/signal.c                         0x00000000   Number         0  defsig_rtmem_formal.o ABSOLUTE
    ../clib/signal.c                         0x00000000   Number         0  defsig_stak_inner.o ABSOLUTE
    ../clib/signal.c                         0x00000000   Number         0  defsig_pvfn_inner.o ABSOLUTE
    ../clib/signal.c                         0x00000000   Number         0  defsig_cppl_inner.o ABSOLUTE
    ../clib/signal.c                         0x00000000   Number         0  defsig_segv_inner.o ABSOLUTE
    ../clib/signal.c                         0x00000000   Number         0  defsig_other.o ABSOLUTE
    ../clib/signal.s                         0x00000000   Number         0  defsig.o ABSOLUTE
    ../clib/stdlib.c                         0x00000000   Number         0  exit.o ABSOLUTE
    ../fplib/fpinit.s                        0x00000000   Number         0  fpinit.o ABSOLUTE
    ../fplib/fpinit_empty.s                  0x00000000   Number         0  fpinit_empty.o ABSOLUTE
    ..\HAL_CM.c                              0x00000000   Number         0  hal_cm.o ABSOLUTE
    ..\\rt_CMSIS.c                           0x00000000   Number         0  rt_cmsis.o ABSOLUTE
    ..\\rt_System.c                          0x00000000   Number         0  rt_system.o ABSOLUTE
    ..\rt_CMSIS.c                            0x00000000   Number         0  rt_cmsis.o ABSOLUTE
    ..\rt_Event.c                            0x00000000   Number         0  rt_event.o ABSOLUTE
    ..\rt_List.c                             0x00000000   Number         0  rt_list.o ABSOLUTE
    ..\rt_Mailbox.c                          0x00000000   Number         0  rt_mailbox.o ABSOLUTE
    ..\rt_MemBox.c                           0x00000000   Number         0  rt_membox.o ABSOLUTE
    ..\rt_Memory.c                           0x00000000   Number         0  rt_memory.o ABSOLUTE
    ..\rt_Mutex.c                            0x00000000   Number         0  rt_mutex.o ABSOLUTE
    ..\rt_Robin.c                            0x00000000   Number         0  rt_robin.o ABSOLUTE
    ..\rt_Semaphore.c                        0x00000000   Number         0  rt_semaphore.o ABSOLUTE
    ..\rt_System.c                           0x00000000   Number         0  rt_system.o ABSOLUTE
    ..\rt_Task.c                             0x00000000   Number         0  rt_task.o ABSOLUTE
    ..\rt_Time.c                             0x00000000   Number         0  rt_time.o ABSOLUTE
    GPIO_STM32F10x.c                         0x00000000   Number         0  gpio_stm32f10x.o ABSOLUTE
    HAL_CM3.c                                0x00000000   Number         0  hal_cm3.o ABSOLUTE
    HAL_CM3.c                                0x00000000   Number         0  hal_cm3.o ABSOLUTE
    LED_MCBSTM32E.c                          0x00000000   Number         0  led_mcbstm32e.o ABSOLUTE
    RTE/Device/STM32F103RB/startup_stm32f10x_md.s 0x00000000   Number         0  startup_stm32f10x_md.o ABSOLUTE
    RTX_Conf_CM.c                            0x00000000   Number         0  rtx_conf_cm.o ABSOLUTE
    SVC_Table.s                              0x00000000   Number         0  svc_table.o ABSOLUTE
    dc.s                                     0x00000000   Number         0  dc.o ABSOLUTE
    main.c                                   0x00000000   Number         0  main.o ABSOLUTE
    system_stm32f10x.c                       0x00000000   Number         0  system_stm32f10x.o ABSOLUTE
    uart.c                                   0x00000000   Number         0  uart.o ABSOLUTE
    RESET                                    0x08000000   Section      236  startup_stm32f10x_md.o(RESET)
    !!!main                                  0x080000ec   Section        8  __main.o(!!!main)
    !!!scatter                               0x080000f4   Section       92  __scatter.o(!!!scatter)
    !!handler_copy                           0x08000150   Section       26  __scatter_copy.o(!!handler_copy)
    !!handler_null                           0x0800016c   Section        2  __scatter.o(!!handler_null)
    !!handler_zi                             0x08000170   Section       28  __scatter_zi.o(!!handler_zi)
    .ARM.Collect$$libinit$$00000000          0x0800018c   Section        2  libinit.o(.ARM.Collect$$libinit$$00000000)
    .ARM.Collect$$libinit$$00000002          0x0800018e   Section        0  libinit2.o(.ARM.Collect$$libinit$$00000002)
    .ARM.Collect$$libinit$$00000004          0x0800018e   Section        0  libinit2.o(.ARM.Collect$$libinit$$00000004)
    .ARM.Collect$$libinit$$00000006          0x0800018e   Section        0  libinit2.o(.ARM.Collect$$libinit$$00000006)
    .ARM.Collect$$libinit$$0000000C          0x0800018e   Section        0  libinit2.o(.ARM.Collect$$libinit$$0000000C)
    .ARM.Collect$$libinit$$0000000E          0x0800018e   Section        0  libinit2.o(.ARM.Collect$$libinit$$0000000E)
    .ARM.Collect$$libinit$$00000010          0x0800018e   Section        0  libinit2.o(.ARM.Collect$$libinit$$00000010)
    .ARM.Collect$$libinit$$00000013          0x0800018e   Section        0  libinit2.o(.ARM.Collect$$libinit$$00000013)
    .ARM.Collect$$libinit$$00000015          0x0800018e   Section        0  libinit2.o(.ARM.Collect$$libinit$$00000015)
    .ARM.Collect$$libinit$$00000017          0x0800018e   Section        0  libinit2.o(.ARM.Collect$$libinit$$00000017)
    .ARM.Collect$$libinit$$00000019          0x0800018e   Section        0  libinit2.o(.ARM.Collect$$libinit$$00000019)
    .ARM.Collect$$libinit$$0000001B          0x0800018e   Section        0  libinit2.o(.ARM.Collect$$libinit$$0000001B)
    .ARM.Collect$$libinit$$0000001D          0x0800018e   Section        0  libinit2.o(.ARM.Collect$$libinit$$0000001D)
    .ARM.Collect$$libinit$$0000001F          0x0800018e   Section        0  libinit2.o(.ARM.Collect$$libinit$$0000001F)
    .ARM.Collect$$libinit$$00000021          0x0800018e   Section        0  libinit2.o(.ARM.Collect$$libinit$$00000021)
    .ARM.Collect$$libinit$$00000023          0x0800018e   Section        0  libinit2.o(.ARM.Collect$$libinit$$00000023)
    .ARM.Collect$$libinit$$00000025          0x0800018e   Section        0  libinit2.o(.ARM.Collect$$libinit$$00000025)
    .ARM.Collect$$libinit$$00000027          0x0800018e   Section        0  libinit2.o(.ARM.Collect$$libinit$$00000027)
    .ARM.Collect$$libinit$$0000002E          0x0800018e   Section        0  libinit2.o(.ARM.Collect$$libinit$$0000002E)
    .ARM.Collect$$libinit$$00000030          0x0800018e   Section        0  libinit2.o(.ARM.Collect$$libinit$$00000030)
    .ARM.Collect$$libinit$$00000032          0x0800018e   Section        0  libinit2.o(.ARM.Collect$$libinit$$00000032)
    .ARM.Collect$$libinit$$00000034          0x0800018e   Section        0  libinit2.o(.ARM.Collect$$libinit$$00000034)
    .ARM.Collect$$libinit$$00000035          0x0800018e   Section        2  libinit2.o(.ARM.Collect$$libinit$$00000035)
    .ARM.Collect$$libshutdown$$00000000      0x08000190   Section        2  libshutdown.o(.ARM.Collect$$libshutdown$$00000000)
    .ARM.Collect$$libshutdown$$00000002      0x08000192   Section        0  libshutdown2.o(.ARM.Collect$$libshutdown$$00000002)
    .ARM.Collect$$libshutdown$$00000004      0x08000192   Section        0  libshutdown2.o(.ARM.Collect$$libshutdown$$00000004)
    .ARM.Collect$$libshutdown$$00000007      0x08000192   Section        0  libshutdown2.o(.ARM.Collect$$libshutdown$$00000007)
    .ARM.Collect$$libshutdown$$0000000A      0x08000192   Section        0  libshutdown2.o(.ARM.Collect$$libshutdown$$0000000A)
    .ARM.Collect$$libshutdown$$0000000C      0x08000192   Section        0  libshutdown2.o(.ARM.Collect$$libshutdown$$0000000C)
    .ARM.Collect$$libshutdown$$0000000F      0x08000192   Section        0  libshutdown2.o(.ARM.Collect$$libshutdown$$0000000F)
    .ARM.Collect$$libshutdown$$00000010      0x08000192   Section        2  libshutdown2.o(.ARM.Collect$$libshutdown$$00000010)
    .ARM.Collect$$rtentry$$00000000          0x08000194   Section        0  __rtentry.o(.ARM.Collect$$rtentry$$00000000)
    .ARM.Collect$$rtentry$$00000002          0x08000194   Section        0  __rtentry2.o(.ARM.Collect$$rtentry$$00000002)
    .ARM.Collect$$rtentry$$00000004          0x08000194   Section        6  __rtentry4.o(.ARM.Collect$$rtentry$$00000004)
    .ARM.Collect$$rtentry$$00000009          0x0800019a   Section        0  __rtentry2.o(.ARM.Collect$$rtentry$$00000009)
    .ARM.Collect$$rtentry$$0000000A          0x0800019a   Section        4  __rtentry2.o(.ARM.Collect$$rtentry$$0000000A)
    .ARM.Collect$$rtentry$$0000000B          0x0800019e   Section        8  __rtentry2.o(.ARM.Collect$$rtentry$$0000000B)
    .ARM.Collect$$rtentry$$0000000D          0x080001a6   Section        8  __rtentry2.o(.ARM.Collect$$rtentry$$0000000D)
    .ARM.Collect$$rtexit$$00000000           0x080001ae   Section        2  rtexit.o(.ARM.Collect$$rtexit$$00000000)
    .ARM.Collect$$rtexit$$00000002           0x080001b0   Section        0  rtexit2.o(.ARM.Collect$$rtexit$$00000002)
    .ARM.Collect$$rtexit$$00000003           0x080001b0   Section        4  rtexit2.o(.ARM.Collect$$rtexit$$00000003)
    .ARM.Collect$$rtexit$$00000004           0x080001b4   Section        6  rtexit2.o(.ARM.Collect$$rtexit$$00000004)
    .emb_text                                0x080001bc   Section      304  hal_cm3.o(.emb_text)
    [Anonymous Symbol]                       0x080002ec   Section        0  main.o(.text)
    [Anonymous Symbol]                       0x080005e8   Section        0  uart.o(.text)
    [Anonymous Symbol]                       0x08000698   Section        0  led_mcbstm32e.o(.text)
    [Anonymous Symbol]                       0x08000794   Section        0  rtx_conf_cm.o(.text)
    [Anonymous Symbol]                       0x08000864   Section        0  gpio_stm32f10x.o(.text)
    .text                                    0x08000a74   Section       64  startup_stm32f10x_md.o(.text)
    [Anonymous Symbol]                       0x08000ab4   Section        0  system_stm32f10x.o(.text)
    .text                                    0x08000c24   Section        8  libspace.o(.text)
    .text                                    0x08000c2c   Section        0  heapauxi.o(.text)
    .text                                    0x08000c32   Section       74  sys_stackheap_outer.o(.text)
    .text                                    0x08000c7c   Section        0  exit.o(.text)
    .text                                    0x08000c90   Section        0  sys_exit.o(.text)
    .text                                    0x08000c9c   Section        2  use_no_semi.o(.text)
    .text                                    0x08000c9e   Section        0  indicate_semi.o(.text)
    __tagsym$$used.0                         0x08000ca0   Number         0  rtx_conf_cm.o(.text._mutex_acquire)
    [Anonymous Symbol]                       0x08000ca0   Section        0  rtx_conf_cm.o(.text._mutex_acquire)
    __tagsym$$used.1                         0x08000cc4   Number         0  rtx_conf_cm.o(.text._mutex_release)
    [Anonymous Symbol]                       0x08000cc4   Section        0  rtx_conf_cm.o(.text._mutex_release)
    SVC_TABLE                                0x08000ce4   Section        4  svc_table.o(SVC_TABLE)
    i._init_box                              0x08000ce8   Section        0  rt_membox.o(i._init_box)
    i.dbg_init                               0x08000d30   Section        0  hal_cm.o(i.dbg_init)
    i.dbg_task_notify                        0x08000d60   Section        0  hal_cm.o(i.dbg_task_notify)
    i.dbg_task_switch                        0x08000d80   Section        0  hal_cm.o(i.dbg_task_switch)
    i.isrMessageGet                          0x08000d90   Section        0  rt_cmsis.o(i.isrMessageGet)
    i.isrMessagePut                          0x08000dba   Section        0  rt_cmsis.o(i.isrMessagePut)
    i.isrSignalSet                           0x08000de6   Section        0  rt_cmsis.o(i.isrSignalSet)
    i.isr_evt_set                            0x08000e0c   Section        0  rt_event.o(i.isr_evt_set)
    i.isr_mbx_receive                        0x08000e34   Section        0  rt_mailbox.o(i.isr_mbx_receive)
    i.isr_mbx_send                           0x08000e8a   Section        0  rt_mailbox.o(i.isr_mbx_send)
    i.osDelay                                0x08000e98   Section        0  rt_cmsis.o(i.osDelay)
    i.osKernelInitialize                     0x08000eb0   Section        0  rt_cmsis.o(i.osKernelInitialize)
    i.osKernelStart                          0x08000ed4   Section        0  rt_cmsis.o(i.osKernelStart)
    i.osMailGet                              0x08000f40   Section        0  rt_cmsis.o(i.osMailGet)
    i.osMessageCreate                        0x08000f58   Section        0  rt_cmsis.o(i.osMessageCreate)
    i.osMessageGet                           0x08000f84   Section        0  rt_cmsis.o(i.osMessageGet)
    i.osMessagePut                           0x08000f9c   Section        0  rt_cmsis.o(i.osMessagePut)
    i.osMutexCreate                          0x08000fb4   Section        0  rt_cmsis.o(i.osMutexCreate)
    i.osMutexRelease                         0x08000fe0   Section        0  rt_cmsis.o(i.osMutexRelease)
    i.osMutexWait                            0x08000ff8   Section        0  rt_cmsis.o(i.osMutexWait)
    i.osSignalClear                          0x08001010   Section        0  rt_cmsis.o(i.osSignalClear)
    i.osSignalSet                            0x08001028   Section        0  rt_cmsis.o(i.osSignalSet)
    i.osSignalWait                           0x08001040   Section        0  rt_cmsis.o(i.osSignalWait)
    i.osThreadCreate                         0x08001058   Section        0  rt_cmsis.o(i.osThreadCreate)
    i.osThreadExit                           0x08001084   Section        0  rt_cmsis.o(i.osThreadExit)
    i.osTimerCall                            0x0800109c   Section        0  rt_cmsis.o(i.osTimerCall)
    i.osTimerThread                          0x080010a8   Section        0  rt_cmsis.o(i.osTimerThread)
    i.os_tick_init                           0x080010d4   Section        0  rt_system.o(i.os_tick_init)
    i.os_tick_irqack                         0x080010fc   Section        0  rt_system.o(i.os_tick_irqack)
    i.rt_alloc_box                           0x080010fe   Section        0  rt_membox.o(i.rt_alloc_box)
    i.rt_alloc_mem                           0x08001118   Section        0  rt_memory.o(i.rt_alloc_mem)
    i.rt_block                               0x08001158   Section        0  rt_task.o(i.rt_block)
    i.rt_chk_robin                           0x08001190   Section        0  rt_robin.o(i.rt_chk_robin)
    i.rt_dec_dly                             0x080011d8   Section        0  rt_list.o(i.rt_dec_dly)
    i.rt_dispatch                            0x08001248   Section        0  rt_task.o(i.rt_dispatch)
    i.rt_dly_wait                            0x0800128c   Section        0  rt_time.o(i.rt_dly_wait)
    i.rt_evt_clr                             0x08001294   Section        0  rt_event.o(i.rt_evt_clr)
    i.rt_evt_psh                             0x080012b0   Section        0  rt_event.o(i.rt_evt_psh)
    i.rt_evt_set                             0x08001300   Section        0  rt_event.o(i.rt_evt_set)
    i.rt_evt_wait                            0x0800135c   Section        0  rt_event.o(i.rt_evt_wait)
    i.rt_free_box                            0x08001398   Section        0  rt_membox.o(i.rt_free_box)
    i.rt_free_mem                            0x080013c4   Section        0  rt_memory.o(i.rt_free_mem)
    i.rt_get_first                           0x080013ec   Section        0  rt_list.o(i.rt_get_first)
    rt_id2obj                                0x08001415   Thumb Code     8  rt_cmsis.o(i.rt_id2obj)
    i.rt_id2obj                              0x08001414   Section        0  rt_cmsis.o(i.rt_id2obj)
    rt_init_context                          0x0800141d   Thumb Code    66  rt_task.o(i.rt_init_context)
    i.rt_init_context                        0x0800141c   Section        0  rt_task.o(i.rt_init_context)
    i.rt_init_mem                            0x08001464   Section        0  rt_memory.o(i.rt_init_mem)
    i.rt_init_robin                          0x08001480   Section        0  rt_robin.o(i.rt_init_robin)
    i.rt_init_stack                          0x08001498   Section        0  hal_cm.o(i.rt_init_stack)
    i.rt_mbx_check                           0x08001518   Section        0  rt_mailbox.o(i.rt_mbx_check)
    i.rt_mbx_init                            0x08001520   Section        0  rt_mailbox.o(i.rt_mbx_init)
    i.rt_mbx_psh                             0x0800153c   Section        0  rt_mailbox.o(i.rt_mbx_psh)
    i.rt_mbx_send                            0x0800162c   Section        0  rt_mailbox.o(i.rt_mbx_send)
    i.rt_mbx_wait                            0x080016c4   Section        0  rt_mailbox.o(i.rt_mbx_wait)
    rt_ms2tick                               0x08001779   Thumb Code    58  rt_cmsis.o(i.rt_ms2tick)
    i.rt_ms2tick                             0x08001778   Section        0  rt_cmsis.o(i.rt_ms2tick)
    i.rt_mut_init                            0x080017bc   Section        0  rt_mutex.o(i.rt_mut_init)
    i.rt_mut_release                         0x080017cc   Section        0  rt_mutex.o(i.rt_mut_release)
    i.rt_mut_wait                            0x080018a4   Section        0  rt_mutex.o(i.rt_mut_wait)
    i.rt_pop_req                             0x0800191c   Section        0  rt_system.o(i.rt_pop_req)
    i.rt_psh_req                             0x08001998   Section        0  rt_system.o(i.rt_psh_req)
    i.rt_psq_enq                             0x080019b8   Section        0  rt_list.o(i.rt_psq_enq)
    i.rt_put_dly                             0x08001a14   Section        0  rt_list.o(i.rt_put_dly)
    i.rt_put_prio                            0x08001a5c   Section        0  rt_list.o(i.rt_put_prio)
    i.rt_put_rdy_first                       0x08001a94   Section        0  rt_list.o(i.rt_put_rdy_first)
    i.rt_resort_prio                         0x08001aa8   Section        0  rt_list.o(i.rt_resort_prio)
    i.rt_ret_val                             0x08001adc   Section        0  hal_cm.o(i.rt_ret_val)
    i.rt_ret_val2                            0x08001ae2   Section        0  hal_cm.o(i.rt_ret_val2)
    i.rt_rmv_dly                             0x08001aea   Section        0  rt_list.o(i.rt_rmv_dly)
    i.rt_rmv_list                            0x08001b14   Section        0  rt_list.o(i.rt_rmv_list)
    i.rt_sem_psh                             0x08001b44   Section        0  rt_semaphore.o(i.rt_sem_psh)
    i.rt_stk_check                           0x08001b78   Section        0  rt_system.o(i.rt_stk_check)
    i.rt_switch_req                          0x08001b9c   Section        0  rt_task.o(i.rt_switch_req)
    i.rt_sys_init                            0x08001bc4   Section        0  rt_task.o(i.rt_sys_init)
    i.rt_sys_start                           0x08001c90   Section        0  rt_task.o(i.rt_sys_start)
    i.rt_systick                             0x08001d08   Section        0  rt_system.o(i.rt_systick)
    rt_tid2ptcb                              0x08001d49   Thumb Code    18  rt_cmsis.o(i.rt_tid2ptcb)
    i.rt_tid2ptcb                            0x08001d48   Section        0  rt_cmsis.o(i.rt_tid2ptcb)
    rt_timer_insert                          0x08001d5d   Thumb Code    48  rt_cmsis.o(i.rt_timer_insert)
    i.rt_timer_insert                        0x08001d5c   Section        0  rt_cmsis.o(i.rt_timer_insert)
    i.rt_tsk_create                          0x08001d90   Section        0  rt_task.o(i.rt_tsk_create)
    i.rt_tsk_delete                          0x08001e18   Section        0  rt_task.o(i.rt_tsk_delete)
    i.rt_tsk_prio                            0x08001f94   Section        0  rt_task.o(i.rt_tsk_prio)
    i.rt_tsk_self                            0x08002010   Section        0  rt_task.o(i.rt_tsk_self)
    i.svcDelay                               0x08002020   Section        0  rt_cmsis.o(i.svcDelay)
    i.svcKernelInitialize                    0x08002034   Section        0  rt_cmsis.o(i.svcKernelInitialize)
    i.svcKernelStart                         0x080020a4   Section        0  rt_cmsis.o(i.svcKernelStart)
    i.svcMessageCreate                       0x080020ec   Section        0  rt_cmsis.o(i.svcMessageCreate)
    i.svcMessageGet                          0x08002110   Section        0  rt_cmsis.o(i.svcMessageGet)
    i.svcMessagePut                          0x0800214a   Section        0  rt_cmsis.o(i.svcMessagePut)
    i.svcMutexCreate                         0x08002180   Section        0  rt_cmsis.o(i.svcMutexCreate)
    i.svcMutexRelease                        0x0800219c   Section        0  rt_cmsis.o(i.svcMutexRelease)
    i.svcMutexWait                           0x080021be   Section        0  rt_cmsis.o(i.svcMutexWait)
    i.svcSignalClear                         0x080021f8   Section        0  rt_cmsis.o(i.svcSignalClear)
    i.svcSignalSet                           0x0800221c   Section        0  rt_cmsis.o(i.svcSignalSet)
    i.svcSignalWait                          0x08002240   Section        0  rt_cmsis.o(i.svcSignalWait)
    i.svcThreadCreate                        0x08002294   Section        0  rt_cmsis.o(i.svcThreadCreate)
    i.svcThreadGetId                         0x08002300   Section        0  rt_cmsis.o(i.svcThreadGetId)
    i.svcThreadTerminate                     0x0800231c   Section        0  rt_cmsis.o(i.svcThreadTerminate)
    i.svcTimerCall                           0x08002354   Section        0  rt_cmsis.o(i.svcTimerCall)
    i.sysTimerTick                           0x0800236c   Section        0  rt_cmsis.o(i.sysTimerTick)
    .Lswitch.table.GPIO_PinConfigure.1       0x0800249c   Data          28  gpio_stm32f10x.o(.rodata)
    __tagsym$$used.2                         0x080024c8   Number         0  rtx_conf_cm.o(.rodata.CMSIS_RTOS_API_Version)
    __tagsym$$used.3                         0x080024cc   Number         0  rtx_conf_cm.o(.rodata.CMSIS_RTOS_RTX_Version)
    __tagsym$$used.4                         0x080024d0   Number         0  rtx_conf_cm.o(.rodata.os_clockrate)
    __tagsym$$used.5                         0x080024d4   Number         0  rtx_conf_cm.o(.rodata.os_timernum)
    .data                                    0x20000008   Section        8  rt_cmsis.o(.data)
    .data                                    0x20000010   Section        8  rt_task.o(.data)
    os_lock                                  0x20000018   Data           1  rt_system.o(.data)
    .data                                    0x20000018   Section        8  rt_system.o(.data)
    os_psh_flag                              0x20000019   Data           1  rt_system.o(.data)
    pend_flags                               0x2000001a   Data           1  rt_system.o(.data)
    .data                                    0x20000020   Section        4  rt_time.o(.data)
    .data                                    0x20000024   Section        8  rt_robin.o(.data)
    .data                                    0x2000002c   Section        1  hal_cm.o(.data)
    [Anonymous Symbol]                       0x200000d0   Section        0  rtx_conf_cm.o(.bss)
    std_libspace                             0x200000f8   Data         672  rtx_conf_cm.o(.bss)
    nr_mutex                                 0x20000398   Data           4  rtx_conf_cm.o(.bss)
    std_libmutex                             0x2000039c   Data         128  rtx_conf_cm.o(.bss)
    .bss                                     0x20000cb0   Section       52  rt_task.o(.bss)
    .bss                                     0x20000ce4   Section       48  rt_list.o(.bss)
    .bss                                     0x20000d14   Section       96  libspace.o(.bss)
    Heap_Mem                                 0x20000d78   Data         512  startup_stm32f10x_md.o(HEAP)
    HEAP                                     0x20000d78   Section      512  startup_stm32f10x_md.o(HEAP)
    Stack_Mem                                0x20000f78   Data        1024  startup_stm32f10x_md.o(STACK)
    STACK                                    0x20000f78   Section     1024  startup_stm32f10x_md.o(STACK)
    __initial_sp                             0x20001378   Data           0  startup_stm32f10x_md.o(STACK)

    Global Symbols

    Symbol Name                              Value     Ov Type        Size  Object(Section)

    BuildAttributes$$THM_ISAv4$P$D$K$B$S$PE$A:L22UL41UL21$X:L11$S22US41US21$IEEE1$IW$~IW$USESV6$~STKCKD$USESV7$~SHL$OTIME$ROPI$EBA8$UX$STANDARDLIB$REQ8$PRES8$EABIv2 0x00000000   Number         0  anon$$obj.o ABSOLUTE
    __fp_init_empty                          0x00000000   Number         0  fpinit_empty.o ABSOLUTE
    __ARM_exceptions_init                     - Undefined Weak Reference
    __alloca_initialize                       - Undefined Weak Reference
    __arm_preinit_                            - Undefined Weak Reference
    __arm_relocate_pie_                       - Undefined Weak Reference
    __cpp_initialize__aeabi_                  - Undefined Weak Reference
    __cxa_finalize                            - Undefined Weak Reference
    __rt_locale                               - Undefined Weak Reference
    __sigvec_lookup                           - Undefined Weak Reference
    _atexit_init                              - Undefined Weak Reference
    _call_atexit_fns                          - Undefined Weak Reference
    _clock_init                               - Undefined Weak Reference
    _fp_trap_init                             - Undefined Weak Reference
    _fp_trap_shutdown                         - Undefined Weak Reference
    _get_lc_collate                           - Undefined Weak Reference
    _get_lc_ctype                             - Undefined Weak Reference
    _get_lc_monetary                          - Undefined Weak Reference
    _get_lc_numeric                           - Undefined Weak Reference
    _get_lc_time                              - Undefined Weak Reference
    _getenv_init                              - Undefined Weak Reference
    _handle_redirection                       - Undefined Weak Reference
    _init_alloc                               - Undefined Weak Reference
    _init_user_alloc                          - Undefined Weak Reference
    _initio                                   - Undefined Weak Reference
    _rand_init                                - Undefined Weak Reference
    _signal_finish                            - Undefined Weak Reference
    _signal_init                              - Undefined Weak Reference
    _terminate_alloc                          - Undefined Weak Reference
    _terminate_user_alloc                     - Undefined Weak Reference
    _terminateio                              - Undefined Weak Reference
    __Vectors_Size                           0x000000ec   Number         0  startup_stm32f10x_md.o ABSOLUTE
    __RL_RTX_VER                             0x00000482   Number         0  rt_system.o ABSOLUTE
    __Vectors                                0x08000000   Data           4  startup_stm32f10x_md.o(RESET)
    __Vectors_End                            0x080000ec   Data           0  startup_stm32f10x_md.o(RESET)
    __main                                   0x080000ed   Thumb Code     8  __main.o(!!!main)
    __scatterload                            0x080000f5   Thumb Code     0  __scatter.o(!!!scatter)
    __scatterload_rt2                        0x080000f5   Thumb Code    84  __scatter.o(!!!scatter)
    __scatterload_rt2_thumb_only             0x080000f5   Thumb Code     0  __scatter.o(!!!scatter)
    __scatterload_loop                       0x080000ff   Thumb Code     0  __scatter.o(!!!scatter)
    __scatterload_copy                       0x08000151   Thumb Code    26  __scatter_copy.o(!!handler_copy)
    __scatterload_null                       0x0800016d   Thumb Code     2  __scatter.o(!!handler_null)
    __scatterload_zeroinit                   0x08000171   Thumb Code    28  __scatter_zi.o(!!handler_zi)
    __rt_lib_init                            0x0800018d   Thumb Code     0  libinit.o(.ARM.Collect$$libinit$$00000000)
    __rt_lib_init_alloca_1                   0x0800018f   Thumb Code     0  libinit2.o(.ARM.Collect$$libinit$$00000030)
    __rt_lib_init_argv_1                     0x0800018f   Thumb Code     0  libinit2.o(.ARM.Collect$$libinit$$0000002E)
    __rt_lib_init_atexit_1                   0x0800018f   Thumb Code     0  libinit2.o(.ARM.Collect$$libinit$$0000001D)
    __rt_lib_init_clock_1                    0x0800018f   Thumb Code     0  libinit2.o(.ARM.Collect$$libinit$$00000023)
    __rt_lib_init_cpp_1                      0x0800018f   Thumb Code     0  libinit2.o(.ARM.Collect$$libinit$$00000034)
    __rt_lib_init_exceptions_1               0x0800018f   Thumb Code     0  libinit2.o(.ARM.Collect$$libinit$$00000032)
    __rt_lib_init_fp_1                       0x0800018f   Thumb Code     0  libinit2.o(.ARM.Collect$$libinit$$00000002)
    __rt_lib_init_fp_trap_1                  0x0800018f   Thumb Code     0  libinit2.o(.ARM.Collect$$libinit$$00000021)
    __rt_lib_init_getenv_1                   0x0800018f   Thumb Code     0  libinit2.o(.ARM.Collect$$libinit$$00000025)
    __rt_lib_init_heap_1                     0x0800018f   Thumb Code     0  libinit2.o(.ARM.Collect$$libinit$$0000000C)
    __rt_lib_init_lc_collate_1               0x0800018f   Thumb Code     0  libinit2.o(.ARM.Collect$$libinit$$00000013)
    __rt_lib_init_lc_ctype_1                 0x0800018f   Thumb Code     0  libinit2.o(.ARM.Collect$$libinit$$00000015)
    __rt_lib_init_lc_monetary_1              0x0800018f   Thumb Code     0  libinit2.o(.ARM.Collect$$libinit$$00000017)
    __rt_lib_init_lc_numeric_1               0x0800018f   Thumb Code     0  libinit2.o(.ARM.Collect$$libinit$$00000019)
    __rt_lib_init_lc_time_1                  0x0800018f   Thumb Code     0  libinit2.o(.ARM.Collect$$libinit$$0000001B)
    __rt_lib_init_preinit_1                  0x0800018f   Thumb Code     0  libinit2.o(.ARM.Collect$$libinit$$00000006)
    __rt_lib_init_rand_1                     0x0800018f   Thumb Code     0  libinit2.o(.ARM.Collect$$libinit$$00000010)
    __rt_lib_init_relocate_pie_1             0x0800018f   Thumb Code     0  libinit2.o(.ARM.Collect$$libinit$$00000004)
    __rt_lib_init_return                     0x0800018f   Thumb Code     0  libinit2.o(.ARM.Collect$$libinit$$00000035)
    __rt_lib_init_signal_1                   0x0800018f   Thumb Code     0  libinit2.o(.ARM.Collect$$libinit$$0000001F)
    __rt_lib_init_stdio_1                    0x0800018f   Thumb Code     0  libinit2.o(.ARM.Collect$$libinit$$00000027)
    __rt_lib_init_user_alloc_1               0x0800018f   Thumb Code     0  libinit2.o(.ARM.Collect$$libinit$$0000000E)
    __rt_lib_shutdown                        0x08000191   Thumb Code     0  libshutdown.o(.ARM.Collect$$libshutdown$$00000000)
    __rt_lib_shutdown_cpp_1                  0x08000193   Thumb Code     0  libshutdown2.o(.ARM.Collect$$libshutdown$$00000002)
    __rt_lib_shutdown_fp_trap_1              0x08000193   Thumb Code     0  libshutdown2.o(.ARM.Collect$$libshutdown$$00000007)
    __rt_lib_shutdown_heap_1                 0x08000193   Thumb Code     0  libshutdown2.o(.ARM.Collect$$libshutdown$$0000000F)
    __rt_lib_shutdown_return                 0x08000193   Thumb Code     0  libshutdown2.o(.ARM.Collect$$libshutdown$$00000010)
    __rt_lib_shutdown_signal_1               0x08000193   Thumb Code     0  libshutdown2.o(.ARM.Collect$$libshutdown$$0000000A)
    __rt_lib_shutdown_stdio_1                0x08000193   Thumb Code     0  libshutdown2.o(.ARM.Collect$$libshutdown$$00000004)
    __rt_lib_shutdown_user_alloc_1           0x08000193   Thumb Code     0  libshutdown2.o(.ARM.Collect$$libshutdown$$0000000C)
    __rt_entry                               0x08000195   Thumb Code     0  __rtentry.o(.ARM.Collect$$rtentry$$00000000)
    __rt_entry_presh_1                       0x08000195   Thumb Code     0  __rtentry2.o(.ARM.Collect$$rtentry$$00000002)
    __rt_entry_sh                            0x08000195   Thumb Code     0  __rtentry4.o(.ARM.Collect$$rtentry$$00000004)
    __rt_entry_li                            0x0800019b   Thumb Code     0  __rtentry2.o(.ARM.Collect$$rtentry$$0000000A)
    __rt_entry_postsh_1                      0x0800019b   Thumb Code     0  __rtentry2.o(.ARM.Collect$$rtentry$$00000009)
    __rt_entry_postli_1                      0x0800019f   Thumb Code     0  __rtentry2.o(.ARM.Collect$$rtentry$$0000000B)
    __rt_entry_main                          0x080001a7   Thumb Code     0  __rtentry2.o(.ARM.Collect$$rtentry$$0000000D)
    __rt_exit                                0x080001af   Thumb Code     0  rtexit.o(.ARM.Collect$$rtexit$$00000000)
    __rt_exit_ls                             0x080001b1   Thumb Code     0  rtexit2.o(.ARM.Collect$$rtexit$$00000003)
    __rt_exit_prels_1                        0x080001b1   Thumb Code     0  rtexit2.o(.ARM.Collect$$rtexit$$00000002)
    __rt_exit_exit                           0x080001b5   Thumb Code     0  rtexit2.o(.ARM.Collect$$rtexit$$00000004)
    rt_set_PSP                               0x080001bd   Thumb Code     6  hal_cm3.o(.emb_text)
    rt_get_PSP                               0x080001c3   Thumb Code     6  hal_cm3.o(.emb_text)
    os_set_env                               0x080001c9   Thumb Code    24  hal_cm3.o(.emb_text)
    _alloc_box                               0x080001e5   Thumb Code    28  hal_cm3.o(.emb_text)
    _free_box                                0x08000205   Thumb Code    28  hal_cm3.o(.emb_text)
    SVC_Handler                              0x08000225   Thumb Code   108  hal_cm3.o(.emb_text)
    PendSV_Handler                           0x0800029d   Thumb Code    56  hal_cm3.o(.emb_text)
    SysTick_Handler                          0x080002d9   Thumb Code     8  hal_cm3.o(.emb_text)
    OS_Tick_Handler                          0x080002e1   Thumb Code    12  hal_cm3.o(.emb_text)
    normal_mode_thread                       0x080002ed   Thumb Code   134  main.o(.text)
    override_mode_thread                     0x08000375   Thumb Code   106  main.o(.text)
    mode_manager_thread                      0x080003e1   Thumb Code   156  main.o(.text)
    SetLights                                0x0800047d   Thumb Code    58  main.o(.text)
    USART1_IRQHandler                        0x080004b9   Thumb Code    28  main.o(.text)
    main                                     0x080004d5   Thumb Code   206  main.o(.text)
    UNSAFE_LED_SET                           0x080005a5   Thumb Code    12  main.o(.text)
    SendText                                 0x080005b1   Thumb Code    54  main.o(.text)
    USART1_Init                              0x080005e9   Thumb Code   128  uart.o(.text)
    SendChar                                 0x08000669   Thumb Code    24  uart.o(.text)
    GetKey                                   0x08000681   Thumb Code    22  uart.o(.text)
    LED_Initialize                           0x08000699   Thumb Code    66  led_mcbstm32e.o(.text)
    LED_Uninitialize                         0x080006dd   Thumb Code    40  led_mcbstm32e.o(.text)
    LED_On                                   0x08000705   Thumb Code    40  led_mcbstm32e.o(.text)
    LED_Off                                  0x0800072d   Thumb Code    42  led_mcbstm32e.o(.text)
    LED_SetOut                               0x08000759   Thumb Code    54  led_mcbstm32e.o(.text)
    LED_GetCount                             0x08000791   Thumb Code     4  led_mcbstm32e.o(.text)
    os_idle_demon                            0x08000795   Thumb Code     2  rtx_conf_cm.o(.text)
    os_error                                 0x08000799   Thumb Code     2  rtx_conf_cm.o(.text)
    __user_perthread_libspace                0x0800079d   Thumb Code    62  rtx_conf_cm.o(.text)
    _mutex_initialize                        0x080007dd   Thumb Code    48  rtx_conf_cm.o(.text)
    __osSignalWait                           0x0800080d   Thumb Code    18  rtx_conf_cm.o(.text)
    __osMessageGet                           0x08000821   Thumb Code    18  rtx_conf_cm.o(.text)
    __osMailGet                              0x08000835   Thumb Code    18  rtx_conf_cm.o(.text)
    _platform_post_lib_init                  0x08000849   Thumb Code    26  rtx_conf_cm.o(.text)
    GPIO_PortClock                           0x08000865   Thumb Code   170  gpio_stm32f10x.o(.text)
    GPIO_GetPortClockState                   0x08000911   Thumb Code    50  gpio_stm32f10x.o(.text)
    GPIO_PinConfigure                        0x08000945   Thumb Code   164  gpio_stm32f10x.o(.text)
    GPIO_AFConfigure                         0x080009e9   Thumb Code   138  gpio_stm32f10x.o(.text)
    Reset_Handler                            0x08000a75   Thumb Code     8  startup_stm32f10x_md.o(.text)
    NMI_Handler                              0x08000a7d   Thumb Code     2  startup_stm32f10x_md.o(.text)
    HardFault_Handler                        0x08000a7f   Thumb Code     2  startup_stm32f10x_md.o(.text)
    MemManage_Handler                        0x08000a81   Thumb Code     2  startup_stm32f10x_md.o(.text)
    BusFault_Handler                         0x08000a83   Thumb Code     2  startup_stm32f10x_md.o(.text)
    UsageFault_Handler                       0x08000a85   Thumb Code     2  startup_stm32f10x_md.o(.text)
    DebugMon_Handler                         0x08000a89   Thumb Code     2  startup_stm32f10x_md.o(.text)
    ADC1_2_IRQHandler                        0x08000a8f   Thumb Code     0  startup_stm32f10x_md.o(.text)
    CAN1_RX1_IRQHandler                      0x08000a8f   Thumb Code     0  startup_stm32f10x_md.o(.text)
    CAN1_SCE_IRQHandler                      0x08000a8f   Thumb Code     0  startup_stm32f10x_md.o(.text)
    DMA1_Channel1_IRQHandler                 0x08000a8f   Thumb Code     0  startup_stm32f10x_md.o(.text)
    DMA1_Channel2_IRQHandler                 0x08000a8f   Thumb Code     0  startup_stm32f10x_md.o(.text)
    DMA1_Channel3_IRQHandler                 0x08000a8f   Thumb Code     0  startup_stm32f10x_md.o(.text)
    DMA1_Channel4_IRQHandler                 0x08000a8f   Thumb Code     0  startup_stm32f10x_md.o(.text)
    DMA1_Channel5_IRQHandler                 0x08000a8f   Thumb Code     0  startup_stm32f10x_md.o(.text)
    DMA1_Channel6_IRQHandler                 0x08000a8f   Thumb Code     0  startup_stm32f10x_md.o(.text)
    DMA1_Channel7_IRQHandler                 0x08000a8f   Thumb Code     0  startup_stm32f10x_md.o(.text)
    EXTI0_IRQHandler                         0x08000a8f   Thumb Code     0  startup_stm32f10x_md.o(.text)
    EXTI15_10_IRQHandler                     0x08000a8f   Thumb Code     0  startup_stm32f10x_md.o(.text)
    EXTI1_IRQHandler                         0x08000a8f   Thumb Code     0  startup_stm32f10x_md.o(.text)
    EXTI2_IRQHandler                         0x08000a8f   Thumb Code     0  startup_stm32f10x_md.o(.text)
    EXTI3_IRQHandler                         0x08000a8f   Thumb Code     0  startup_stm32f10x_md.o(.text)
    EXTI4_IRQHandler                         0x08000a8f   Thumb Code     0  startup_stm32f10x_md.o(.text)
    EXTI9_5_IRQHandler                       0x08000a8f   Thumb Code     0  startup_stm32f10x_md.o(.text)
    FLASH_IRQHandler                         0x08000a8f   Thumb Code     0  startup_stm32f10x_md.o(.text)
    I2C1_ER_IRQHandler                       0x08000a8f   Thumb Code     0  startup_stm32f10x_md.o(.text)
    I2C1_EV_IRQHandler                       0x08000a8f   Thumb Code     0  startup_stm32f10x_md.o(.text)
    I2C2_ER_IRQHandler                       0x08000a8f   Thumb Code     0  startup_stm32f10x_md.o(.text)
    I2C2_EV_IRQHandler                       0x08000a8f   Thumb Code     0  startup_stm32f10x_md.o(.text)
    PVD_IRQHandler                           0x08000a8f   Thumb Code     0  startup_stm32f10x_md.o(.text)
    RCC_IRQHandler                           0x08000a8f   Thumb Code     0  startup_stm32f10x_md.o(.text)
    RTCAlarm_IRQHandler                      0x08000a8f   Thumb Code     0  startup_stm32f10x_md.o(.text)
    RTC_IRQHandler                           0x08000a8f   Thumb Code     0  startup_stm32f10x_md.o(.text)
    SPI1_IRQHandler                          0x08000a8f   Thumb Code     0  startup_stm32f10x_md.o(.text)
    SPI2_IRQHandler                          0x08000a8f   Thumb Code     0  startup_stm32f10x_md.o(.text)
    TAMPER_IRQHandler                        0x08000a8f   Thumb Code     0  startup_stm32f10x_md.o(.text)
    TIM1_BRK_IRQHandler                      0x08000a8f   Thumb Code     0  startup_stm32f10x_md.o(.text)
    TIM1_CC_IRQHandler                       0x08000a8f   Thumb Code     0  startup_stm32f10x_md.o(.text)
    TIM1_TRG_COM_IRQHandler                  0x08000a8f   Thumb Code     0  startup_stm32f10x_md.o(.text)
    TIM1_UP_IRQHandler                       0x08000a8f   Thumb Code     0  startup_stm32f10x_md.o(.text)
    TIM2_IRQHandler                          0x08000a8f   Thumb Code     0  startup_stm32f10x_md.o(.text)
    TIM3_IRQHandler                          0x08000a8f   Thumb Code     0  startup_stm32f10x_md.o(.text)
    TIM4_IRQHandler                          0x08000a8f   Thumb Code     0  startup_stm32f10x_md.o(.text)
    USART2_IRQHandler                        0x08000a8f   Thumb Code     0  startup_stm32f10x_md.o(.text)
    USART3_IRQHandler                        0x08000a8f   Thumb Code     0  startup_stm32f10x_md.o(.text)
    USBWakeUp_IRQHandler                     0x08000a8f   Thumb Code     0  startup_stm32f10x_md.o(.text)
    USB_HP_CAN1_TX_IRQHandler                0x08000a8f   Thumb Code     0  startup_stm32f10x_md.o(.text)
    USB_LP_CAN1_RX0_IRQHandler               0x08000a8f   Thumb Code     0  startup_stm32f10x_md.o(.text)
    WWDG_IRQHandler                          0x08000a8f   Thumb Code     0  startup_stm32f10x_md.o(.text)
    __user_initial_stackheap                 0x08000a91   Thumb Code     0  startup_stm32f10x_md.o(.text)
    SystemInit                               0x08000ab5   Thumb Code   272  system_stm32f10x.o(.text)
    SystemCoreClockUpdate                    0x08000bc5   Thumb Code    94  system_stm32f10x.o(.text)
    __user_libspace                          0x08000c25   Thumb Code     8  libspace.o(.text)
    __user_perproc_libspace                  0x08000c25   Thumb Code     0  libspace.o(.text)
    __use_two_region_memory                  0x08000c2d   Thumb Code     2  heapauxi.o(.text)
    __rt_heap_escrow$2region                 0x08000c2f   Thumb Code     2  heapauxi.o(.text)
    __rt_heap_expand$2region                 0x08000c31   Thumb Code     2  heapauxi.o(.text)
    __user_setup_stackheap                   0x08000c33   Thumb Code    74  sys_stackheap_outer.o(.text)
    exit                                     0x08000c7d   Thumb Code    18  exit.o(.text)
    _sys_exit                                0x08000c91   Thumb Code     8  sys_exit.o(.text)
    __I$use$semihosting                      0x08000c9d   Thumb Code     0  use_no_semi.o(.text)
    __use_no_semihosting_swi                 0x08000c9d   Thumb Code     2  use_no_semi.o(.text)
    __semihosting_library_function           0x08000c9f   Thumb Code     0  indicate_semi.o(.text)
    _mutex_acquire                           0x08000ca1   Thumb Code    34  rtx_conf_cm.o(.text._mutex_acquire)
    _mutex_release                           0x08000cc5   Thumb Code    30  rtx_conf_cm.o(.text._mutex_release)
    SVC_Count                                0x08000ce4   Data           4  svc_table.o(SVC_TABLE)
    SVC_Table                                0x08000ce8   Data           0  svc_table.o(SVC_TABLE)
    _init_box                                0x08000ce9   Thumb Code    70  rt_membox.o(i._init_box)
    dbg_init                                 0x08000d31   Thumb Code    34  hal_cm.o(i.dbg_init)
    dbg_task_notify                          0x08000d61   Thumb Code    32  hal_cm.o(i.dbg_task_notify)
    dbg_task_switch                          0x08000d81   Thumb Code    16  hal_cm.o(i.dbg_task_switch)
    isrMessageGet                            0x08000d91   Thumb Code    42  rt_cmsis.o(i.isrMessageGet)
    isrMessagePut                            0x08000dbb   Thumb Code    44  rt_cmsis.o(i.isrMessagePut)
    isrSignalSet                             0x08000de7   Thumb Code    36  rt_cmsis.o(i.isrSignalSet)
    isr_evt_set                              0x08000e0d   Thumb Code    34  rt_event.o(i.isr_evt_set)
    isr_mbx_receive                          0x08000e35   Thumb Code    86  rt_mailbox.o(i.isr_mbx_receive)
    isr_mbx_send                             0x08000e8b   Thumb Code    14  rt_mailbox.o(i.isr_mbx_send)
    osDelay                                  0x08000e99   Thumb Code    18  rt_cmsis.o(i.osDelay)
    osKernelInitialize                       0x08000eb1   Thumb Code    30  rt_cmsis.o(i.osKernelInitialize)
    osKernelStart                            0x08000ed5   Thumb Code    98  rt_cmsis.o(i.osKernelStart)
    osMailGet                                0x08000f41   Thumb Code    22  rt_cmsis.o(i.osMailGet)
    osMessageCreate                          0x08000f59   Thumb Code    36  rt_cmsis.o(i.osMessageCreate)
    osMessageGet                             0x08000f85   Thumb Code    18  rt_cmsis.o(i.osMessageGet)
    osMessagePut                             0x08000f9d   Thumb Code    18  rt_cmsis.o(i.osMessagePut)
    osMutexCreate                            0x08000fb5   Thumb Code    36  rt_cmsis.o(i.osMutexCreate)
    osMutexRelease                           0x08000fe1   Thumb Code    18  rt_cmsis.o(i.osMutexRelease)
    osMutexWait                              0x08000ff9   Thumb Code    18  rt_cmsis.o(i.osMutexWait)
    osSignalClear                            0x08001011   Thumb Code    20  rt_cmsis.o(i.osSignalClear)
    osSignalSet                              0x08001029   Thumb Code    18  rt_cmsis.o(i.osSignalSet)
    osSignalWait                             0x08001041   Thumb Code    18  rt_cmsis.o(i.osSignalWait)
    osThreadCreate                           0x08001059   Thumb Code    36  rt_cmsis.o(i.osThreadCreate)
    osThreadExit                             0x08001085   Thumb Code    14  rt_cmsis.o(i.osThreadExit)
    osTimerCall                              0x0800109d   Thumb Code     8  rt_cmsis.o(i.osTimerCall)
    osTimerThread                            0x080010a9   Thumb Code    38  rt_cmsis.o(i.osTimerThread)
    os_tick_init                             0x080010d5   Thumb Code    32  rt_system.o(i.os_tick_init)
    os_tick_irqack                           0x080010fd   Thumb Code     2  rt_system.o(i.os_tick_irqack)
    rt_alloc_box                             0x080010ff   Thumb Code    26  rt_membox.o(i.rt_alloc_box)
    rt_alloc_mem                             0x08001119   Thumb Code    62  rt_memory.o(i.rt_alloc_mem)
    rt_block                                 0x08001159   Thumb Code    48  rt_task.o(i.rt_block)
    rt_chk_robin                             0x08001191   Thumb Code    60  rt_robin.o(i.rt_chk_robin)
    rt_dec_dly                               0x080011d9   Thumb Code   102  rt_list.o(i.rt_dec_dly)
    rt_dispatch                              0x08001249   Thumb Code    60  rt_task.o(i.rt_dispatch)
    rt_dly_wait                              0x0800128d   Thumb Code     6  rt_time.o(i.rt_dly_wait)
    rt_evt_clr                               0x08001295   Thumb Code    22  rt_event.o(i.rt_evt_clr)
    rt_evt_psh                               0x080012b1   Thumb Code    76  rt_event.o(i.rt_evt_psh)
    rt_evt_set                               0x08001301   Thumb Code    88  rt_event.o(i.rt_evt_set)
    rt_evt_wait                              0x0800135d   Thumb Code    56  rt_event.o(i.rt_evt_wait)
    rt_free_box                              0x08001399   Thumb Code    44  rt_membox.o(i.rt_free_box)
    rt_free_mem                              0x080013c5   Thumb Code    40  rt_memory.o(i.rt_free_mem)
    rt_get_first                             0x080013ed   Thumb Code    40  rt_list.o(i.rt_get_first)
    rt_init_mem                              0x08001465   Thumb Code    26  rt_memory.o(i.rt_init_mem)
    rt_init_robin                            0x08001481   Thumb Code    14  rt_robin.o(i.rt_init_robin)
    rt_init_stack                            0x08001499   Thumb Code   118  hal_cm.o(i.rt_init_stack)
    rt_mbx_check                             0x08001519   Thumb Code     8  rt_mailbox.o(i.rt_mbx_check)
    rt_mbx_init                              0x08001521   Thumb Code    26  rt_mailbox.o(i.rt_mbx_init)
    rt_mbx_psh                               0x0800153d   Thumb Code   236  rt_mailbox.o(i.rt_mbx_psh)
    rt_mbx_send                              0x0800162d   Thumb Code   148  rt_mailbox.o(i.rt_mbx_send)
    rt_mbx_wait                              0x080016c5   Thumb Code   174  rt_mailbox.o(i.rt_mbx_wait)
    rt_mut_init                              0x080017bd   Thumb Code    16  rt_mutex.o(i.rt_mut_init)
    rt_mut_release                           0x080017cd   Thumb Code   208  rt_mutex.o(i.rt_mut_release)
    rt_mut_wait                              0x080018a5   Thumb Code   114  rt_mutex.o(i.rt_mut_wait)
    rt_pop_req                               0x0800191d   Thumb Code   112  rt_system.o(i.rt_pop_req)
    rt_psh_req                               0x08001999   Thumb Code    22  rt_system.o(i.rt_psh_req)
    rt_psq_enq                               0x080019b9   Thumb Code    88  rt_list.o(i.rt_psq_enq)
    rt_put_dly                               0x08001a15   Thumb Code    68  rt_list.o(i.rt_put_dly)
    rt_put_prio                              0x08001a5d   Thumb Code    54  rt_list.o(i.rt_put_prio)
    rt_put_rdy_first                         0x08001a95   Thumb Code    14  rt_list.o(i.rt_put_rdy_first)
    rt_resort_prio                           0x08001aa9   Thumb Code    46  rt_list.o(i.rt_resort_prio)
    rt_ret_val                               0x08001add   Thumb Code     6  hal_cm.o(i.rt_ret_val)
    rt_ret_val2                              0x08001ae3   Thumb Code     8  hal_cm.o(i.rt_ret_val2)
    rt_rmv_dly                               0x08001aeb   Thumb Code    40  rt_list.o(i.rt_rmv_dly)
    rt_rmv_list                              0x08001b15   Thumb Code    44  rt_list.o(i.rt_rmv_list)
    rt_sem_psh                               0x08001b45   Thumb Code    48  rt_semaphore.o(i.rt_sem_psh)
    rt_stk_check                             0x08001b79   Thumb Code    28  rt_system.o(i.rt_stk_check)
    rt_switch_req                            0x08001b9d   Thumb Code    30  rt_task.o(i.rt_switch_req)
    rt_sys_init                              0x08001bc5   Thumb Code   138  rt_task.o(i.rt_sys_init)
    rt_sys_start                             0x08001c91   Thumb Code   110  rt_task.o(i.rt_sys_start)
    rt_systick                               0x08001d09   Thumb Code    50  rt_system.o(i.rt_systick)
    rt_tsk_create                            0x08001d91   Thumb Code   118  rt_task.o(i.rt_tsk_create)
    rt_tsk_delete                            0x08001e19   Thumb Code   352  rt_task.o(i.rt_tsk_delete)
    rt_tsk_prio                              0x08001f95   Thumb Code   108  rt_task.o(i.rt_tsk_prio)
    rt_tsk_self                              0x08002011   Thumb Code    12  rt_task.o(i.rt_tsk_self)
    svcDelay                                 0x08002021   Thumb Code    18  rt_cmsis.o(i.svcDelay)
    svcKernelInitialize                      0x08002035   Thumb Code    80  rt_cmsis.o(i.svcKernelInitialize)
    svcKernelStart                           0x080020a5   Thumb Code    62  rt_cmsis.o(i.svcKernelStart)
    svcMessageCreate                         0x080020ed   Thumb Code    36  rt_cmsis.o(i.svcMessageCreate)
    svcMessageGet                            0x08002111   Thumb Code    58  rt_cmsis.o(i.svcMessageGet)
    svcMessagePut                            0x0800214b   Thumb Code    54  rt_cmsis.o(i.svcMessagePut)
    svcMutexCreate                           0x08002181   Thumb Code    28  rt_cmsis.o(i.svcMutexCreate)
    svcMutexRelease                          0x0800219d   Thumb Code    34  rt_cmsis.o(i.svcMutexRelease)
    svcMutexWait                             0x080021bf   Thumb Code    58  rt_cmsis.o(i.svcMutexWait)
    svcSignalClear                           0x080021f9   Thumb Code    36  rt_cmsis.o(i.svcSignalClear)
    svcSignalSet                             0x0800221d   Thumb Code    36  rt_cmsis.o(i.svcSignalSet)
    svcSignalWait                            0x08002241   Thumb Code    80  rt_cmsis.o(i.svcSignalWait)
    svcThreadCreate                          0x08002295   Thumb Code    96  rt_cmsis.o(i.svcThreadCreate)
    svcThreadGetId                           0x08002301   Thumb Code    22  rt_cmsis.o(i.svcThreadGetId)
    svcThreadTerminate                       0x0800231d   Thumb Code    50  rt_cmsis.o(i.svcThreadTerminate)
    svcTimerCall                             0x08002355   Thumb Code    24  rt_cmsis.o(i.svcTimerCall)
    sysTimerTick                             0x0800236d   Thumb Code    84  rt_cmsis.o(i.sysTimerTick)
    os_messageQ_def_CHARACTER_Q              0x080023c8   Data           8  main.o(.rodata)
    os_thread_def_normal_mode_thread         0x080023d0   Data          16  main.o(.rodata)
    os_thread_def_override_mode_thread       0x080023e0   Data          16  main.o(.rodata)
    os_thread_def_mode_manager_thread        0x080023f0   Data          16  main.o(.rodata)
    os_mutex_def_uart_mutex                  0x08002400   Data           4  main.o(.rodata)
    os_mutex_def_led_mutex                   0x08002404   Data           4  main.o(.rodata)
    Pin_LED                                  0x08002408   Data          64  led_mcbstm32e.o(.rodata)
    os_maxtaskrun                            0x08002448   Data           2  rtx_conf_cm.o(.rodata)
    os_stackinfo                             0x0800244c   Data           4  rtx_conf_cm.o(.rodata)
    os_rrobin                                0x08002450   Data           4  rtx_conf_cm.o(.rodata)
    os_tickfreq                              0x08002454   Data           4  rtx_conf_cm.o(.rodata)
    os_tickus_i                              0x08002458   Data           2  rtx_conf_cm.o(.rodata)
    os_tickus_f                              0x0800245a   Data           2  rtx_conf_cm.o(.rodata)
    os_trv                                   0x0800245c   Data           4  rtx_conf_cm.o(.rodata)
    os_flags                                 0x08002460   Data           1  rtx_conf_cm.o(.rodata)
    mp_tcb_size                              0x08002462   Data           2  rtx_conf_cm.o(.rodata)
    mp_stk_size                              0x08002464   Data           4  rtx_conf_cm.o(.rodata)
    os_stack_sz                              0x08002468   Data           4  rtx_conf_cm.o(.rodata)
    os_fifo_size                             0x0800246c   Data           1  rtx_conf_cm.o(.rodata)
    os_thread_def_osTimerThread              0x08002470   Data          16  rtx_conf_cm.o(.rodata)
    os_messageQ_def_osTimerMessageQ          0x08002480   Data           8  rtx_conf_cm.o(.rodata)
    mp_tmr_size                              0x08002488   Data           2  rtx_conf_cm.o(.rodata)
    os_thread_def_main                       0x0800248c   Data          16  rtx_conf_cm.o(.rodata)
    AHBPrescTable                            0x080024b8   Data          16  system_stm32f10x.o(.rodata)
    CMSIS_RTOS_API_Version                   0x080024c8   Data           4  rtx_conf_cm.o(.rodata.CMSIS_RTOS_API_Version)
    CMSIS_RTOS_RTX_Version                   0x080024cc   Data           4  rtx_conf_cm.o(.rodata.CMSIS_RTOS_RTX_Version)
    os_clockrate                             0x080024d0   Data           4  rtx_conf_cm.o(.rodata.os_clockrate)
    os_timernum                              0x080024d4   Data           4  rtx_conf_cm.o(.rodata.os_timernum)
    Region$$Table$$Base                      0x080024d8   Number         0  anon$$obj.o(Region$$Table)
    Region$$Table$$Limit                     0x080024f8   Number         0  anon$$obj.o(Region$$Table)
    __ARM_use_no_argv                        0x20000000   Data           4  main.o(.ARM.use_no_argv)
    SystemCoreClock                          0x20000004   Data           4  system_stm32f10x.o(.data)
    os_initialized                           0x20000008   Data           1  rt_cmsis.o(.data)
    os_running                               0x20000009   Data           1  rt_cmsis.o(.data)
    os_timer_head                            0x2000000c   Data           4  rt_cmsis.o(.data)
    os_tsk                                   0x20000010   Data           8  rt_task.o(.data)
    os_tick_irqn                             0x2000001c   Data           4  rt_system.o(.data)
    os_time                                  0x20000020   Data           4  rt_time.o(.data)
    os_robin                                 0x20000024   Data           8  rt_robin.o(.data)
    dbg_msg                                  0x2000002c   Data           1  hal_cm.o(.data)
    os_messageQ_q_CHARACTER_Q                0x20000030   Data         104  main.o(.bss)
    os_mutex_cb_uart_mutex                   0x20000098   Data          16  main.o(.bss)
    os_mutex_cb_led_mutex                    0x200000a8   Data          16  main.o(.bss)
    T_led_ID_normal                          0x200000b8   Data           4  main.o(.bss)
    led_mutex                                0x200000bc   Data           4  main.o(.bss)
    T_led_ID_override                        0x200000c0   Data           4  main.o(.bss)
    CHARACTER_Q                              0x200000c4   Data           4  main.o(.bss)
    uart_mutex                               0x200000c8   Data           4  main.o(.bss)
    T_led_ID_manager                         0x200000cc   Data           4  main.o(.bss)
    os_messageQ_q_osTimerMessageQ            0x200000d0   Data          32  rtx_conf_cm.o(.bss)
    os_tmr                                   0x200000f0   Data           4  rtx_conf_cm.o(.bss)
    m_tmr                                    0x200000f4   Data           4  rtx_conf_cm.o(.bss)
    mp_tcb                                   0x2000041c   Data         376  rtx_conf_cm.o(.bss)
    mp_stk                                   0x20000598   Data        1216  rtx_conf_cm.o(.bss)
    os_stack_mem                             0x20000a58   Data         432  rtx_conf_cm.o(.bss)
    os_fifo                                  0x20000c08   Data         132  rtx_conf_cm.o(.bss)
    os_active_TCB                            0x20000c8c   Data          28  rtx_conf_cm.o(.bss)
    osThreadId_osTimerThread                 0x20000ca8   Data           4  rtx_conf_cm.o(.bss)
    osMessageQId_osTimerMessageQ             0x20000cac   Data           4  rtx_conf_cm.o(.bss)
    os_idle_TCB                              0x20000cb0   Data          52  rt_task.o(.bss)
    os_rdy                                   0x20000ce4   Data          24  rt_list.o(.bss)
    os_dly                                   0x20000cfc   Data          24  rt_list.o(.bss)
    __libspace_start                         0x20000d14   Data          96  libspace.o(.bss)
    __temporary_stack_top$libspace           0x20000d74   Data           0  libspace.o(.bss)



==============================================================================

Memory Map of the image

  Image Entry point : 0x080000ed

  Load Region LR_IROM1 (Base: 0x08000000, Size: 0x00002528, Max: 0x00020000, ABSOLUTE)

    Execution Region ER_IROM1 (Exec base: 0x08000000, Load base: 0x08000000, Size: 0x000024f8, Max: 0x00020000, ABSOLUTE)

    Exec Addr    Load Addr    Size         Type   Attr      Idx    E Section Name        Object

    0x08000000   0x08000000   0x000000ec   Data   RO           59    RESET               startup_stm32f10x_md.o
    0x080000ec   0x080000ec   0x00000008   Code   RO         1297  * !!!main             c_w.l(__main.o)
    0x080000f4   0x080000f4   0x0000005c   Code   RO         1468    !!!scatter          c_w.l(__scatter.o)
    0x08000150   0x08000150   0x0000001a   Code   RO         1472    !!handler_copy      c_w.l(__scatter_copy.o)
    0x0800016a   0x0800016a   0x00000002   PAD
    0x0800016c   0x0800016c   0x00000002   Code   RO         1469    !!handler_null      c_w.l(__scatter.o)
    0x0800016e   0x0800016e   0x00000002   PAD
    0x08000170   0x08000170   0x0000001c   Code   RO         1474    !!handler_zi        c_w.l(__scatter_zi.o)
    0x0800018c   0x0800018c   0x00000002   Code   RO         1333    .ARM.Collect$$libinit$$00000000  c_w.l(libinit.o)
    0x0800018e   0x0800018e   0x00000000   Code   RO         1343    .ARM.Collect$$libinit$$00000002  c_w.l(libinit2.o)
    0x0800018e   0x0800018e   0x00000000   Code   RO         1345    .ARM.Collect$$libinit$$00000004  c_w.l(libinit2.o)
    0x0800018e   0x0800018e   0x00000000   Code   RO         1347    .ARM.Collect$$libinit$$00000006  c_w.l(libinit2.o)
    0x0800018e   0x0800018e   0x00000000   Code   RO         1350    .ARM.Collect$$libinit$$0000000C  c_w.l(libinit2.o)
    0x0800018e   0x0800018e   0x00000000   Code   RO         1352    .ARM.Collect$$libinit$$0000000E  c_w.l(libinit2.o)
    0x0800018e   0x0800018e   0x00000000   Code   RO         1354    .ARM.Collect$$libinit$$00000010  c_w.l(libinit2.o)
    0x0800018e   0x0800018e   0x00000000   Code   RO         1357    .ARM.Collect$$libinit$$00000013  c_w.l(libinit2.o)
    0x0800018e   0x0800018e   0x00000000   Code   RO         1359    .ARM.Collect$$libinit$$00000015  c_w.l(libinit2.o)
    0x0800018e   0x0800018e   0x00000000   Code   RO         1361    .ARM.Collect$$libinit$$00000017  c_w.l(libinit2.o)
    0x0800018e   0x0800018e   0x00000000   Code   RO         1363    .ARM.Collect$$libinit$$00000019  c_w.l(libinit2.o)
    0x0800018e   0x0800018e   0x00000000   Code   RO         1365    .ARM.Collect$$libinit$$0000001B  c_w.l(libinit2.o)
    0x0800018e   0x0800018e   0x00000000   Code   RO         1367    .ARM.Collect$$libinit$$0000001D  c_w.l(libinit2.o)
    0x0800018e   0x0800018e   0x00000000   Code   RO         1369    .ARM.Collect$$libinit$$0000001F  c_w.l(libinit2.o)
    0x0800018e   0x0800018e   0x00000000   Code   RO         1371    .ARM.Collect$$libinit$$00000021  c_w.l(libinit2.o)
    0x0800018e   0x0800018e   0x00000000   Code   RO         1373    .ARM.Collect$$libinit$$00000023  c_w.l(libinit2.o)
    0x0800018e   0x0800018e   0x00000000   Code   RO         1375    .ARM.Collect$$libinit$$00000025  c_w.l(libinit2.o)
    0x0800018e   0x0800018e   0x00000000   Code   RO         1377    .ARM.Collect$$libinit$$00000027  c_w.l(libinit2.o)
    0x0800018e   0x0800018e   0x00000000   Code   RO         1381    .ARM.Collect$$libinit$$0000002E  c_w.l(libinit2.o)
    0x0800018e   0x0800018e   0x00000000   Code   RO         1383    .ARM.Collect$$libinit$$00000030  c_w.l(libinit2.o)
    0x0800018e   0x0800018e   0x00000000   Code   RO         1385    .ARM.Collect$$libinit$$00000032  c_w.l(libinit2.o)
    0x0800018e   0x0800018e   0x00000000   Code   RO         1387    .ARM.Collect$$libinit$$00000034  c_w.l(libinit2.o)
    0x0800018e   0x0800018e   0x00000002   Code   RO         1388    .ARM.Collect$$libinit$$00000035  c_w.l(libinit2.o)
    0x08000190   0x08000190   0x00000002   Code   RO         1423    .ARM.Collect$$libshutdown$$00000000  c_w.l(libshutdown.o)
    0x08000192   0x08000192   0x00000000   Code   RO         1451    .ARM.Collect$$libshutdown$$00000002  c_w.l(libshutdown2.o)
    0x08000192   0x08000192   0x00000000   Code   RO         1453    .ARM.Collect$$libshutdown$$00000004  c_w.l(libshutdown2.o)
    0x08000192   0x08000192   0x00000000   Code   RO         1456    .ARM.Collect$$libshutdown$$00000007  c_w.l(libshutdown2.o)
    0x08000192   0x08000192   0x00000000   Code   RO         1459    .ARM.Collect$$libshutdown$$0000000A  c_w.l(libshutdown2.o)
    0x08000192   0x08000192   0x00000000   Code   RO         1461    .ARM.Collect$$libshutdown$$0000000C  c_w.l(libshutdown2.o)
    0x08000192   0x08000192   0x00000000   Code   RO         1464    .ARM.Collect$$libshutdown$$0000000F  c_w.l(libshutdown2.o)
    0x08000192   0x08000192   0x00000002   Code   RO         1465    .ARM.Collect$$libshutdown$$00000010  c_w.l(libshutdown2.o)
    0x08000194   0x08000194   0x00000000   Code   RO         1299    .ARM.Collect$$rtentry$$00000000  c_w.l(__rtentry.o)
    0x08000194   0x08000194   0x00000000   Code   RO         1305    .ARM.Collect$$rtentry$$00000002  c_w.l(__rtentry2.o)
    0x08000194   0x08000194   0x00000006   Code   RO         1317    .ARM.Collect$$rtentry$$00000004  c_w.l(__rtentry4.o)
    0x0800019a   0x0800019a   0x00000000   Code   RO         1307    .ARM.Collect$$rtentry$$00000009  c_w.l(__rtentry2.o)
    0x0800019a   0x0800019a   0x00000004   Code   RO         1308    .ARM.Collect$$rtentry$$0000000A  c_w.l(__rtentry2.o)
    0x0800019e   0x0800019e   0x00000008   Code   RO         1309    .ARM.Collect$$rtentry$$0000000B  c_w.l(__rtentry2.o)
    0x080001a6   0x080001a6   0x00000008   Code   RO         1311    .ARM.Collect$$rtentry$$0000000D  c_w.l(__rtentry2.o)
    0x080001ae   0x080001ae   0x00000002   Code   RO         1334    .ARM.Collect$$rtexit$$00000000  c_w.l(rtexit.o)
    0x080001b0   0x080001b0   0x00000000   Code   RO         1394    .ARM.Collect$$rtexit$$00000002  c_w.l(rtexit2.o)
    0x080001b0   0x080001b0   0x00000004   Code   RO         1395    .ARM.Collect$$rtexit$$00000003  c_w.l(rtexit2.o)
    0x080001b4   0x080001b4   0x00000006   Code   RO         1396    .ARM.Collect$$rtexit$$00000004  c_w.l(rtexit2.o)
    0x080001ba   0x080001ba   0x00000002   PAD
    0x080001bc   0x080001bc   0x00000130   Code   RO         1275    .emb_text           RTX_CM3.lib(hal_cm3.o)
    0x080002ec   0x080002ec   0x000002fa   Code   RO            1    .text               main.o
    0x080005e6   0x080005e6   0x00000002   PAD
    0x080005e8   0x080005e8   0x000000ae   Code   RO           12    .text               uart.o
    0x08000696   0x08000696   0x00000002   PAD
    0x08000698   0x08000698   0x000000fc   Code   RO           20    .text               led_mcbstm32e.o
    0x08000794   0x08000794   0x000000ce   Code   RO           29    .text               rtx_conf_cm.o
    0x08000862   0x08000862   0x00000002   PAD
    0x08000864   0x08000864   0x0000020e   Code   RO           48    .text               gpio_stm32f10x.o
    0x08000a72   0x08000a72   0x00000002   PAD
    0x08000a74   0x08000a74   0x00000040   Code   RO           60    .text               startup_stm32f10x_md.o
    0x08000ab4   0x08000ab4   0x0000016e   Code   RO           66    .text               system_stm32f10x.o
    0x08000c22   0x08000c22   0x00000002   PAD
    0x08000c24   0x08000c24   0x00000008   Code   RO         1290    .text               c_w.l(libspace.o)
    0x08000c2c   0x08000c2c   0x00000006   Code   RO         1295    .text               c_w.l(heapauxi.o)
    0x08000c32   0x08000c32   0x0000004a   Code   RO         1321    .text               c_w.l(sys_stackheap_outer.o)
    0x08000c7c   0x08000c7c   0x00000012   Code   RO         1323    .text               c_w.l(exit.o)
    0x08000c8e   0x08000c8e   0x00000002   PAD
    0x08000c90   0x08000c90   0x0000000c   Code   RO         1389    .text               c_w.l(sys_exit.o)
    0x08000c9c   0x08000c9c   0x00000002   Code   RO         1412    .text               c_w.l(use_no_semi.o)
    0x08000c9e   0x08000c9e   0x00000000   Code   RO         1414    .text               c_w.l(indicate_semi.o)
    0x08000c9e   0x08000c9e   0x00000002   PAD
    0x08000ca0   0x08000ca0   0x00000022   Code   RO           31    .text._mutex_acquire  rtx_conf_cm.o
    0x08000cc2   0x08000cc2   0x00000002   PAD
    0x08000cc4   0x08000cc4   0x0000001e   Code   RO           33    .text._mutex_release  rtx_conf_cm.o
    0x08000ce2   0x08000ce2   0x00000002   PAD
    0x08000ce4   0x08000ce4   0x00000004   Code   RO         1285    SVC_TABLE           RTX_CM3.lib(svc_table.o)
    0x08000ce8   0x08000ce8   0x00000046   Code   RO         1174    i._init_box         RTX_CM3.lib(rt_membox.o)
    0x08000d2e   0x08000d2e   0x00000002   PAD
    0x08000d30   0x08000d30   0x00000030   Code   RO         1227    i.dbg_init          RTX_CM3.lib(hal_cm.o)
    0x08000d60   0x08000d60   0x00000020   Code   RO         1228    i.dbg_task_notify   RTX_CM3.lib(hal_cm.o)
    0x08000d80   0x08000d80   0x00000010   Code   RO         1229    i.dbg_task_switch   RTX_CM3.lib(hal_cm.o)
    0x08000d90   0x08000d90   0x0000002a   Code   RO           79    i.isrMessageGet     RTX_CM3.lib(rt_cmsis.o)
    0x08000dba   0x08000dba   0x0000002c   Code   RO           80    i.isrMessagePut     RTX_CM3.lib(rt_cmsis.o)
    0x08000de6   0x08000de6   0x00000024   Code   RO           82    i.isrSignalSet      RTX_CM3.lib(rt_cmsis.o)
    0x08000e0a   0x08000e0a   0x00000002   PAD
    0x08000e0c   0x08000e0c   0x00000028   Code   RO          911    i.isr_evt_set       RTX_CM3.lib(rt_event.o)
    0x08000e34   0x08000e34   0x00000056   Code   RO         1029    i.isr_mbx_receive   RTX_CM3.lib(rt_mailbox.o)
    0x08000e8a   0x08000e8a   0x0000000e   Code   RO         1030    i.isr_mbx_send      RTX_CM3.lib(rt_mailbox.o)
    0x08000e98   0x08000e98   0x00000018   Code   RO           83    i.osDelay           RTX_CM3.lib(rt_cmsis.o)
    0x08000eb0   0x08000eb0   0x00000024   Code   RO           84    i.osKernelInitialize  RTX_CM3.lib(rt_cmsis.o)
    0x08000ed4   0x08000ed4   0x0000006c   Code   RO           86    i.osKernelStart     RTX_CM3.lib(rt_cmsis.o)
    0x08000f40   0x08000f40   0x00000016   Code   RO           92    i.osMailGet         RTX_CM3.lib(rt_cmsis.o)
    0x08000f56   0x08000f56   0x00000002   PAD
    0x08000f58   0x08000f58   0x0000002c   Code   RO           94    i.osMessageCreate   RTX_CM3.lib(rt_cmsis.o)
    0x08000f84   0x08000f84   0x00000018   Code   RO           95    i.osMessageGet      RTX_CM3.lib(rt_cmsis.o)
    0x08000f9c   0x08000f9c   0x00000018   Code   RO           96    i.osMessagePut      RTX_CM3.lib(rt_cmsis.o)
    0x08000fb4   0x08000fb4   0x0000002c   Code   RO           97    i.osMutexCreate     RTX_CM3.lib(rt_cmsis.o)
    0x08000fe0   0x08000fe0   0x00000018   Code   RO           99    i.osMutexRelease    RTX_CM3.lib(rt_cmsis.o)
    0x08000ff8   0x08000ff8   0x00000018   Code   RO          100    i.osMutexWait       RTX_CM3.lib(rt_cmsis.o)
    0x08001010   0x08001010   0x00000018   Code   RO          109    i.osSignalClear     RTX_CM3.lib(rt_cmsis.o)
    0x08001028   0x08001028   0x00000018   Code   RO          110    i.osSignalSet       RTX_CM3.lib(rt_cmsis.o)
    0x08001040   0x08001040   0x00000018   Code   RO          111    i.osSignalWait      RTX_CM3.lib(rt_cmsis.o)
    0x08001058   0x08001058   0x0000002c   Code   RO          112    i.osThreadCreate    RTX_CM3.lib(rt_cmsis.o)
    0x08001084   0x08001084   0x00000018   Code   RO          113    i.osThreadExit      RTX_CM3.lib(rt_cmsis.o)
    0x0800109c   0x0800109c   0x0000000c   Code   RO          119    i.osTimerCall       RTX_CM3.lib(rt_cmsis.o)
    0x080010a8   0x080010a8   0x0000002c   Code   RO          124    i.osTimerThread     RTX_CM3.lib(rt_cmsis.o)
    0x080010d4   0x080010d4   0x00000028   Code   RO          821    i.os_tick_init      RTX_CM3.lib(rt_system.o)
    0x080010fc   0x080010fc   0x00000002   Code   RO          822    i.os_tick_irqack    RTX_CM3.lib(rt_system.o)
    0x080010fe   0x080010fe   0x0000001a   Code   RO         1175    i.rt_alloc_box      RTX_CM3.lib(rt_membox.o)
    0x08001118   0x08001118   0x0000003e   Code   RO         1203    i.rt_alloc_mem      RTX_CM3.lib(rt_memory.o)
    0x08001156   0x08001156   0x00000002   PAD
    0x08001158   0x08001158   0x00000038   Code   RO          702    i.rt_block          RTX_CM3.lib(rt_task.o)
    0x08001190   0x08001190   0x00000048   Code   RO         1152    i.rt_chk_robin      RTX_CM3.lib(rt_robin.o)
    0x080011d8   0x080011d8   0x00000070   Code   RO          953    i.rt_dec_dly        RTX_CM3.lib(rt_list.o)
    0x08001248   0x08001248   0x00000044   Code   RO          703    i.rt_dispatch       RTX_CM3.lib(rt_task.o)
    0x0800128c   0x0800128c   0x00000006   Code   RO         1119    i.rt_dly_wait       RTX_CM3.lib(rt_time.o)
    0x08001292   0x08001292   0x00000002   PAD
    0x08001294   0x08001294   0x0000001c   Code   RO          912    i.rt_evt_clr        RTX_CM3.lib(rt_event.o)
    0x080012b0   0x080012b0   0x00000050   Code   RO          914    i.rt_evt_psh        RTX_CM3.lib(rt_event.o)
    0x08001300   0x08001300   0x0000005c   Code   RO          915    i.rt_evt_set        RTX_CM3.lib(rt_event.o)
    0x0800135c   0x0800135c   0x0000003c   Code   RO          916    i.rt_evt_wait       RTX_CM3.lib(rt_event.o)
    0x08001398   0x08001398   0x0000002c   Code   RO         1176    i.rt_free_box       RTX_CM3.lib(rt_membox.o)
    0x080013c4   0x080013c4   0x00000028   Code   RO         1204    i.rt_free_mem       RTX_CM3.lib(rt_memory.o)
    0x080013ec   0x080013ec   0x00000028   Code   RO          954    i.rt_get_first      RTX_CM3.lib(rt_list.o)
    0x08001414   0x08001414   0x00000008   Code   RO          129    i.rt_id2obj         RTX_CM3.lib(rt_cmsis.o)
    0x0800141c   0x0800141c   0x00000048   Code   RO          704    i.rt_init_context   RTX_CM3.lib(rt_task.o)
    0x08001464   0x08001464   0x0000001a   Code   RO         1205    i.rt_init_mem       RTX_CM3.lib(rt_memory.o)
    0x0800147e   0x0800147e   0x00000002   PAD
    0x08001480   0x08001480   0x00000018   Code   RO         1153    i.rt_init_robin     RTX_CM3.lib(rt_robin.o)
    0x08001498   0x08001498   0x00000080   Code   RO         1230    i.rt_init_stack     RTX_CM3.lib(hal_cm.o)
    0x08001518   0x08001518   0x00000008   Code   RO         1031    i.rt_mbx_check      RTX_CM3.lib(rt_mailbox.o)
    0x08001520   0x08001520   0x0000001a   Code   RO         1032    i.rt_mbx_init       RTX_CM3.lib(rt_mailbox.o)
    0x0800153a   0x0800153a   0x00000002   PAD
    0x0800153c   0x0800153c   0x000000f0   Code   RO         1033    i.rt_mbx_psh        RTX_CM3.lib(rt_mailbox.o)
    0x0800162c   0x0800162c   0x00000098   Code   RO         1034    i.rt_mbx_send       RTX_CM3.lib(rt_mailbox.o)
    0x080016c4   0x080016c4   0x000000b4   Code   RO         1035    i.rt_mbx_wait       RTX_CM3.lib(rt_mailbox.o)
    0x08001778   0x08001778   0x00000044   Code   RO          130    i.rt_ms2tick        RTX_CM3.lib(rt_cmsis.o)
    0x080017bc   0x080017bc   0x00000010   Code   RO          787    i.rt_mut_init       RTX_CM3.lib(rt_mutex.o)
    0x080017cc   0x080017cc   0x000000d8   Code   RO          788    i.rt_mut_release    RTX_CM3.lib(rt_mutex.o)
    0x080018a4   0x080018a4   0x00000078   Code   RO          789    i.rt_mut_wait       RTX_CM3.lib(rt_mutex.o)
    0x0800191c   0x0800191c   0x0000007c   Code   RO          825    i.rt_pop_req        RTX_CM3.lib(rt_system.o)
    0x08001998   0x08001998   0x00000020   Code   RO          826    i.rt_psh_req        RTX_CM3.lib(rt_system.o)
    0x080019b8   0x080019b8   0x0000005c   Code   RO          956    i.rt_psq_enq        RTX_CM3.lib(rt_list.o)
    0x08001a14   0x08001a14   0x00000048   Code   RO          957    i.rt_put_dly        RTX_CM3.lib(rt_list.o)
    0x08001a5c   0x08001a5c   0x00000036   Code   RO          958    i.rt_put_prio       RTX_CM3.lib(rt_list.o)
    0x08001a92   0x08001a92   0x00000002   PAD
    0x08001a94   0x08001a94   0x00000014   Code   RO          959    i.rt_put_rdy_first  RTX_CM3.lib(rt_list.o)
    0x08001aa8   0x08001aa8   0x00000034   Code   RO          960    i.rt_resort_prio    RTX_CM3.lib(rt_list.o)
    0x08001adc   0x08001adc   0x00000006   Code   RO         1231    i.rt_ret_val        RTX_CM3.lib(hal_cm.o)
    0x08001ae2   0x08001ae2   0x00000008   Code   RO         1232    i.rt_ret_val2       RTX_CM3.lib(hal_cm.o)
    0x08001aea   0x08001aea   0x00000028   Code   RO          961    i.rt_rmv_dly        RTX_CM3.lib(rt_list.o)
    0x08001b12   0x08001b12   0x00000002   PAD
    0x08001b14   0x08001b14   0x00000030   Code   RO          962    i.rt_rmv_list       RTX_CM3.lib(rt_list.o)
    0x08001b44   0x08001b44   0x00000034   Code   RO         1080    i.rt_sem_psh        RTX_CM3.lib(rt_semaphore.o)
    0x08001b78   0x08001b78   0x00000024   Code   RO          828    i.rt_stk_check      RTX_CM3.lib(rt_system.o)
    0x08001b9c   0x08001b9c   0x00000028   Code   RO          705    i.rt_switch_req     RTX_CM3.lib(rt_task.o)
    0x08001bc4   0x08001bc4   0x000000cc   Code   RO          706    i.rt_sys_init       RTX_CM3.lib(rt_task.o)
    0x08001c90   0x08001c90   0x00000078   Code   RO          707    i.rt_sys_start      RTX_CM3.lib(rt_task.o)
    0x08001d08   0x08001d08   0x00000040   Code   RO          830    i.rt_systick        RTX_CM3.lib(rt_system.o)
    0x08001d48   0x08001d48   0x00000012   Code   RO          131    i.rt_tid2ptcb       RTX_CM3.lib(rt_cmsis.o)
    0x08001d5a   0x08001d5a   0x00000002   PAD
    0x08001d5c   0x08001d5c   0x00000034   Code   RO          132    i.rt_timer_insert   RTX_CM3.lib(rt_cmsis.o)
    0x08001d90   0x08001d90   0x00000088   Code   RO          708    i.rt_tsk_create     RTX_CM3.lib(rt_task.o)
    0x08001e18   0x08001e18   0x0000017c   Code   RO          709    i.rt_tsk_delete     RTX_CM3.lib(rt_task.o)
    0x08001f94   0x08001f94   0x0000007c   Code   RO          711    i.rt_tsk_prio       RTX_CM3.lib(rt_task.o)
    0x08002010   0x08002010   0x00000010   Code   RO          712    i.rt_tsk_self       RTX_CM3.lib(rt_task.o)
    0x08002020   0x08002020   0x00000012   Code   RO          134    i.svcDelay          RTX_CM3.lib(rt_cmsis.o)
    0x08002032   0x08002032   0x00000002   PAD
    0x08002034   0x08002034   0x00000070   Code   RO          135    i.svcKernelInitialize  RTX_CM3.lib(rt_cmsis.o)
    0x080020a4   0x080020a4   0x00000048   Code   RO          137    i.svcKernelStart    RTX_CM3.lib(rt_cmsis.o)
    0x080020ec   0x080020ec   0x00000024   Code   RO          140    i.svcMessageCreate  RTX_CM3.lib(rt_cmsis.o)
    0x08002110   0x08002110   0x0000003a   Code   RO          141    i.svcMessageGet     RTX_CM3.lib(rt_cmsis.o)
    0x0800214a   0x0800214a   0x00000036   Code   RO          142    i.svcMessagePut     RTX_CM3.lib(rt_cmsis.o)
    0x08002180   0x08002180   0x0000001c   Code   RO          143    i.svcMutexCreate    RTX_CM3.lib(rt_cmsis.o)
    0x0800219c   0x0800219c   0x00000022   Code   RO          145    i.svcMutexRelease   RTX_CM3.lib(rt_cmsis.o)
    0x080021be   0x080021be   0x0000003a   Code   RO          146    i.svcMutexWait      RTX_CM3.lib(rt_cmsis.o)
    0x080021f8   0x080021f8   0x00000024   Code   RO          152    i.svcSignalClear    RTX_CM3.lib(rt_cmsis.o)
    0x0800221c   0x0800221c   0x00000024   Code   RO          153    i.svcSignalSet      RTX_CM3.lib(rt_cmsis.o)
    0x08002240   0x08002240   0x00000054   Code   RO          154    i.svcSignalWait     RTX_CM3.lib(rt_cmsis.o)
    0x08002294   0x08002294   0x0000006c   Code   RO          155    i.svcThreadCreate   RTX_CM3.lib(rt_cmsis.o)
    0x08002300   0x08002300   0x0000001c   Code   RO          156    i.svcThreadGetId    RTX_CM3.lib(rt_cmsis.o)
    0x0800231c   0x0800231c   0x00000038   Code   RO          159    i.svcThreadTerminate  RTX_CM3.lib(rt_cmsis.o)
    0x08002354   0x08002354   0x00000018   Code   RO          161    i.svcTimerCall      RTX_CM3.lib(rt_cmsis.o)
    0x0800236c   0x0800236c   0x0000005c   Code   RO          170    i.sysTimerTick      RTX_CM3.lib(rt_cmsis.o)
    0x080023c8   0x080023c8   0x00000040   Data   RO            4    .rodata             main.o
    0x08002408   0x08002408   0x00000040   Data   RO           22    .rodata             led_mcbstm32e.o
    0x08002448   0x08002448   0x00000054   Data   RO           35    .rodata             rtx_conf_cm.o
    0x0800249c   0x0800249c   0x0000001c   Data   RO           50    .rodata             gpio_stm32f10x.o
    0x080024b8   0x080024b8   0x00000010   Data   RO           69    .rodata             system_stm32f10x.o
    0x080024c8   0x080024c8   0x00000004   Data   RO           36    .rodata.CMSIS_RTOS_API_Version  rtx_conf_cm.o
    0x080024cc   0x080024cc   0x00000004   Data   RO           37    .rodata.CMSIS_RTOS_RTX_Version  rtx_conf_cm.o
    0x080024d0   0x080024d0   0x00000004   Data   RO           38    .rodata.os_clockrate  rtx_conf_cm.o
    0x080024d4   0x080024d4   0x00000004   Data   RO           39    .rodata.os_timernum  rtx_conf_cm.o
    0x080024d8   0x080024d8   0x00000020   Data   RO         1467    Region$$Table       anon$$obj.o


    Execution Region RW_IRAM1 (Exec base: 0x20000000, Load base: 0x080024f8, Size: 0x00001378, Max: 0x00005000, ABSOLUTE)

    Exec Addr    Load Addr    Size         Type   Attr      Idx    E Section Name        Object

    0x20000000   0x080024f8   0x00000004   Data   RW            5    .ARM.use_no_argv    main.o
    0x20000004   0x080024fc   0x00000004   Data   RW           68    .data               system_stm32f10x.o
    0x20000008   0x08002500   0x00000008   Data   RW          173    .data               RTX_CM3.lib(rt_cmsis.o)
    0x20000010   0x08002508   0x00000008   Data   RW          714    .data               RTX_CM3.lib(rt_task.o)
    0x20000018   0x08002510   0x00000008   Data   RW          833    .data               RTX_CM3.lib(rt_system.o)
    0x20000020   0x08002518   0x00000004   Data   RW         1123    .data               RTX_CM3.lib(rt_time.o)
    0x20000024   0x0800251c   0x00000008   Data   RW         1154    .data               RTX_CM3.lib(rt_robin.o)
    0x2000002c   0x08002524   0x00000001   Data   RW         1233    .data               RTX_CM3.lib(hal_cm.o)
    0x2000002d   0x08002525   0x00000003   PAD
    0x20000030        -       0x000000a0   Zero   RW            3    .bss                main.o
    0x200000d0        -       0x00000be0   Zero   RW           40    .bss                rtx_conf_cm.o
    0x20000cb0        -       0x00000034   Zero   RW          713    .bss                RTX_CM3.lib(rt_task.o)
    0x20000ce4        -       0x00000030   Zero   RW          963    .bss                RTX_CM3.lib(rt_list.o)
    0x20000d14        -       0x00000060   Zero   RW         1291    .bss                c_w.l(libspace.o)
    0x20000d74   0x08002525   0x00000004   PAD
    0x20000d78        -       0x00000200   Zero   RW           58    HEAP                startup_stm32f10x_md.o
    0x20000f78        -       0x00000400   Zero   RW           57    STACK               startup_stm32f10x_md.o


==============================================================================

Image component sizes


      Code (inc. data)   RO Data    RW Data    ZI Data      Debug   Object Name

       526         16         28          0          0       5246   gpio_stm32f10x.o
       252          0         64          0          0       2994   led_mcbstm32e.o
       762          0         64          4        160       7662   main.o
       270          0        100          0       3040       5536   rtx_conf_cm.o
        64         26        236          0       1536        848   startup_stm32f10x_md.o
       366          0         16          4          0       2736   system_stm32f10x.o
       174          0          0          0          0       1909   uart.o

    ----------------------------------------------------------------------
      2428         42        540          8       4736      26931   Object Totals
         0          0         32          0          0          0   (incl. Generated)
        14          0          0          0          0          0   (incl. Padding)

    ----------------------------------------------------------------------

      Code (inc. data)   RO Data    RW Data    ZI Data      Debug   Library Member Name

       238         24          0          1          0       3244   hal_cm.o
       304         36          0          0          0        756   hal_cm3.o
      1772        198          0          8          0      45805   rt_cmsis.o
       300         24          0          0          0       3131   rt_event.o
       530         34          0          0         48       8157   rt_list.o
       706         14          0          0          0       4719   rt_mailbox.o
       140          0          0          0          0       1889   rt_membox.o
       128          0          0          0          0       2267   rt_memory.o
       352         14          0          0          0       2073   rt_mutex.o
        96         22          0          8          0       1134   rt_robin.o
        52          4          0          0          0        565   rt_semaphore.o
       298         52          0          8          0       6139   rt_system.o
      1216        174          0          8         52       9537   rt_task.o
         6          0          0          4          0        636   rt_time.o
         4          4          0          0          0        196   svc_table.o
         8          0          0          0          0         68   __main.o
         0          0          0          0          0          0   __rtentry.o
        20          0          0          0          0          0   __rtentry2.o
         6          0          0          0          0          0   __rtentry4.o
        94          8          0          0          0          0   __scatter.o
        26          0          0          0          0          0   __scatter_copy.o
        28          0          0          0          0          0   __scatter_zi.o
        18          0          0          0          0         80   exit.o
         6          0          0          0          0        152   heapauxi.o
         0          0          0          0          0          0   indicate_semi.o
         2          0          0          0          0          0   libinit.o
         2          0          0          0          0          0   libinit2.o
         2          0          0          0          0          0   libshutdown.o
         2          0          0          0          0          0   libshutdown2.o
         8          4          0          0         96         68   libspace.o
         2          0          0          0          0          0   rtexit.o
        10          0          0          0          0          0   rtexit2.o
        12          4          0          0          0         68   sys_exit.o
        74          0          0          0          0         80   sys_stackheap_outer.o
         2          0          0          0          0         68   use_no_semi.o

    ----------------------------------------------------------------------
      6496        616          0         40        200      90832   Library Totals
        32          0          0          3          4          0   (incl. Padding)

    ----------------------------------------------------------------------

      Code (inc. data)   RO Data    RW Data    ZI Data      Debug   Library Name

      6142        600          0         37        100      90248   RTX_CM3.lib
       322         16          0          0         96        584   c_w.l

    ----------------------------------------------------------------------
      6496        616          0         40        200      90832   Library Totals

    ----------------------------------------------------------------------

==============================================================================


      Code (inc. data)   RO Data    RW Data    ZI Data      Debug   

      8924        658        540         48       4936     112735   Grand Totals
      8924        658        540         48       4936     112735   ELF Image Totals
      8924        658        540         48          0          0   ROM Totals

==============================================================================

    Total RO  Size (Code + RO Data)                 9464 (   9.24kB)
    Total RW  Size (RW Data + ZI Data)              4984 (   4.87kB)
    Total ROM Size (Code + RO Data + RW Data)       9512 (   9.29kB)

==============================================================================

